Archive member included because of file (symbol)

c:/isis/application/toolchain/bin/../lib/gcc/arm-none-eabi/4.7.4/../../../../arm-none-eabi/lib\libc_s.a(lib_a-vfprintf_float.o)
                              (_printf_float)
c:/isis/application/toolchain/bin/../lib/gcc/arm-none-eabi/4.7.4/../../../../arm-none-eabi/lib\libc_s.a(lib_a-vfprintf_i.o)
                              c:/isis/application/toolchain/bin/../lib/gcc/arm-none-eabi/4.7.4/../../../../arm-none-eabi/lib\libc_s.a(lib_a-vfprintf_float.o) (_printf_common)
c:/isis/application/toolchain/bin/../lib/gcc/arm-none-eabi/4.7.4/../../../../arm-none-eabi/lib\libc_s.a(lib_a-vfscanf_float.o)
                              (_scanf_float)
c:/isis/application/toolchain/bin/../lib/gcc/arm-none-eabi/4.7.4/../../../../arm-none-eabi/lib\libc_s.a(lib_a-dtoa.o)
                              c:/isis/application/toolchain/bin/../lib/gcc/arm-none-eabi/4.7.4/../../../../arm-none-eabi/lib\libc_s.a(lib_a-vfprintf_float.o) (_dtoa_r)
c:/isis/application/toolchain/bin/../lib/gcc/arm-none-eabi/4.7.4/../../../../arm-none-eabi/lib\libc_s.a(lib_a-locale.o)
                              c:/isis/application/toolchain/bin/../lib/gcc/arm-none-eabi/4.7.4/../../../../arm-none-eabi/lib\libc_s.a(lib_a-vfprintf_float.o) (_localeconv_r)
c:/isis/application/toolchain/bin/../lib/gcc/arm-none-eabi/4.7.4/../../../../arm-none-eabi/lib\libc_s.a(lib_a-malloc.o)
                              c:/isis/application/toolchain/bin/../lib/gcc/arm-none-eabi/4.7.4/../../../../arm-none-eabi/lib\libc_s.a(lib_a-dtoa.o) (malloc)
c:/isis/application/toolchain/bin/../lib/gcc/arm-none-eabi/4.7.4/../../../../arm-none-eabi/lib\libc_s.a(lib_a-mallocr.o)
                              c:/isis/application/toolchain/bin/../lib/gcc/arm-none-eabi/4.7.4/../../../../arm-none-eabi/lib\libc_s.a(lib_a-malloc.o) (_malloc_r)
c:/isis/application/toolchain/bin/../lib/gcc/arm-none-eabi/4.7.4/../../../../arm-none-eabi/lib\libc_s.a(lib_a-memcpy.o)
                              c:/isis/application/toolchain/bin/../lib/gcc/arm-none-eabi/4.7.4/../../../../arm-none-eabi/lib\libc_s.a(lib_a-dtoa.o) (memcpy)
c:/isis/application/toolchain/bin/../lib/gcc/arm-none-eabi/4.7.4/../../../../arm-none-eabi/lib\libc_s.a(lib_a-mprec.o)
                              c:/isis/application/toolchain/bin/../lib/gcc/arm-none-eabi/4.7.4/../../../../arm-none-eabi/lib\libc_s.a(lib_a-dtoa.o) (_Balloc)
c:/isis/application/toolchain/bin/../lib/gcc/arm-none-eabi/4.7.4/../../../../arm-none-eabi/lib\libc_s.a(lib_a-s_fpclassify.o)
                              c:/isis/application/toolchain/bin/../lib/gcc/arm-none-eabi/4.7.4/../../../../arm-none-eabi/lib\libc_s.a(lib_a-vfprintf_float.o) (__fpclassifyd)
c:/isis/application/toolchain/bin/../lib/gcc/arm-none-eabi/4.7.4/../../../../arm-none-eabi/lib\libc_s.a(lib_a-sbrkr.o)
                              c:/isis/application/toolchain/bin/../lib/gcc/arm-none-eabi/4.7.4/../../../../arm-none-eabi/lib\libc_s.a(lib_a-mallocr.o) (_sbrk_r)
c:/isis/application/toolchain/bin/../lib/gcc/arm-none-eabi/4.7.4/../../../../arm-none-eabi/lib\libc_s.a(lib_a-sf_nan.o)
                              c:/isis/application/toolchain/bin/../lib/gcc/arm-none-eabi/4.7.4/../../../../arm-none-eabi/lib\libc_s.a(lib_a-vfscanf_float.o) (nanf)
c:/isis/application/toolchain/bin/../lib/gcc/arm-none-eabi/4.7.4/../../../../arm-none-eabi/lib\libc_s.a(lib_a-sprintf.o)
                              c:/isis/application/toolchain/bin/../lib/gcc/arm-none-eabi/4.7.4/../../../../arm-none-eabi/lib\libc_s.a(lib_a-vfscanf_float.o) (sprintf)
c:/isis/application/toolchain/bin/../lib/gcc/arm-none-eabi/4.7.4/../../../../arm-none-eabi/lib\libc_s.a(lib_a-strcmp.o)
                              c:/isis/application/toolchain/bin/../lib/gcc/arm-none-eabi/4.7.4/../../../../arm-none-eabi/lib\libc_s.a(lib_a-locale.o) (strcmp)
c:/isis/application/toolchain/bin/../lib/gcc/arm-none-eabi/4.7.4/../../../../arm-none-eabi/lib\libc_s.a(lib_a-strlen.o)
                              c:/isis/application/toolchain/bin/../lib/gcc/arm-none-eabi/4.7.4/../../../../arm-none-eabi/lib\libc_s.a(lib_a-vfprintf_float.o) (strlen)
c:/isis/application/toolchain/bin/../lib/gcc/arm-none-eabi/4.7.4/../../../../arm-none-eabi/lib\libc_s.a(lib_a-strtod.o)
                              c:/isis/application/toolchain/bin/../lib/gcc/arm-none-eabi/4.7.4/../../../../arm-none-eabi/lib\libc_s.a(lib_a-vfscanf_float.o) (_strtod_r)
c:/isis/application/toolchain/bin/../lib/gcc/arm-none-eabi/4.7.4/../../../../arm-none-eabi/lib\libc_s.a(lib_a-strtol.o)
                              c:/isis/application/toolchain/bin/../lib/gcc/arm-none-eabi/4.7.4/../../../../arm-none-eabi/lib\libc_s.a(lib_a-vfscanf_float.o) (_strtol_r)
c:/isis/application/toolchain/bin/../lib/gcc/arm-none-eabi/4.7.4/../../../../arm-none-eabi/lib\libc_s.a(lib_a-svfprintf.o)
                              c:/isis/application/toolchain/bin/../lib/gcc/arm-none-eabi/4.7.4/../../../../arm-none-eabi/lib\libc_s.a(lib_a-sprintf.o) (_svfprintf_r)
[...]
Memory Configuration

Name             Origin             Length             Attributes
sram0            0x00200000         0x00004000         w !xr
sram1            0x00300000         0x00004000         w !xr
sdram            0x20000000         0x02000000         w !xr
*default*        0x00000000         0xffffffff

Linker script and memory map

LOAD c:/isis/application/toolchain/bin/../lib/gcc/arm-none-eabi/4.7.4/../../../../arm-none-eabi/lib\libc_s.a
LOAD ./src/Demos/GomEPSdemo.o
LOAD ./src/Demos/IsisAntSdemo.o
LOAD ./src/Demos/IsisEPSdemo.o
LOAD ./src/Demos/IsisSPdemo.o
LOAD ./src/Demos/IsisSPv2demo.o
LOAD ./src/Demos/IsisTRXUVdemo.o
LOAD ./src/Demos/IsisTRXVUdemo.o
LOAD ./src/Demos/IsisTxSdemo.o
LOAD ./src/Demos/ManualCameraHandler.o
LOAD ./src/Demos/ScsGeckoDemo.o
LOAD ./src/Demos/common.o
LOAD ./src/main.o
LOAD C:/ISIS/workspace/satellite-subsystems/demo/..//satellite-subsystems/lib\libSatelliteSubsystemsD.a
LOAD c:/isis/application/toolchain/bin/../lib/gcc/arm-none-eabi/4.7.4/../../../../arm-none-eabi/lib\libm.a
LOAD C:/ISIS/workspace/satellite-subsystems/demo/../..//hal/hcc/lib\libHCCD.a
LOAD C:/ISIS/workspace/satellite-subsystems/demo/../..//hal/hal/lib\libHALD.a
LOAD C:/ISIS/workspace/satellite-subsystems/demo/../..//hal/freertos/lib\libFreeRTOSD.a
LOAD C:/ISIS/workspace/satellite-subsystems/demo/../..//hal/at91/lib\libAt91D.a
START GROUP
LOAD c:/isis/application/toolchain/bin/../lib/gcc/arm-none-eabi/4.7.4\libgcc.a
LOAD c:/isis/application/toolchain/bin/../lib/gcc/arm-none-eabi/4.7.4/../../../../arm-none-eabi/lib\libc_s.a
END GROUP

.fixed          0x20000000    0x462d8
                0x20000000                . = ALIGN (0x4)
                0x20000000                _sfixed = .
 *(.startup)
 .startup       0x20000000      0x134 C:/ISIS/workspace/satellite-subsystems/demo/../..//hal/at91/lib\libAt91D.a(board_cstartup.o)
                0x20000000                entry
 *(.text)
 .text          0x20000134       0x64 C:/ISIS/workspace/satellite-subsystems/demo/../..//hal/at91/lib\libAt91D.a(cp15_asm.o)
                0x20000134                _readControlRegister
                0x20000140                _writeControlRegister
                0x20000148                _waitForInterrupt
                0x20000154                _writeTTB
                0x2000015c                _writeDomain
                0x20000164                _writeITLBLockdown
                0x2000016c                _prefetchICacheLine
                0x20000174                _flushDCache
                0x20000180                _flushWriteBuffer
                0x2000018c                _invalidateIDTLBs
 .text          0x20000198      0x114 c:/isis/application/toolchain/bin/../lib/gcc/arm-none-eabi/4.7.4\libgcc.a(_udivsi3.o)
                0x20000198                __aeabi_uidiv
                0x20000198                __udivsi3
                0x2000028c                __aeabi_uidivmod
 .text          0x200002ac      0x148 c:/isis/application/toolchain/bin/../lib/gcc/arm-none-eabi/4.7.4\libgcc.a(_divsi3.o)
                0x200002ac                __divsi3
                0x200002ac                __aeabi_idiv
                0x200003d4                __aeabi_idivmod
 .text          0x200003f4        0x4 c:/isis/application/toolchain/bin/../lib/gcc/arm-none-eabi/4.7.4\libgcc.a(_dvmd_tls.o)
                0x200003f4                __aeabi_idiv0
                0x200003f4                __aeabi_ldiv0
 .text          0x200003f8      0x41c c:/isis/application/toolchain/bin/../lib/gcc/arm-none-eabi/4.7.4\libgcc.a(_arm_addsubdf3.o)
                0x200003f8                __aeabi_drsub
                0x20000400                __aeabi_dsub
                0x20000400                __subdf3
                0x20000404                __aeabi_dadd
                0x20000404                __adddf3
                0x20000714                __floatunsidf
                0x20000714                __aeabi_ui2d
                0x20000738                __floatsidf
                0x20000738                __aeabi_i2d
                0x20000760                __aeabi_f2d
                0x20000760                __extendsfdf2
                0x200007a0                __floatundidf
                0x200007a0                __aeabi_ul2d
                0x200007b4                __floatdidf
                0x200007b4                __aeabi_l2d
 .text          0x20000814      0x49c c:/isis/application/toolchain/bin/../lib/gcc/arm-none-eabi/4.7.4\libgcc.a(_arm_muldivdf3.o)
                0x20000814                __aeabi_dmul
                0x20000814                __muldf3
                0x20000aa4                __divdf3
                0x20000aa4                __aeabi_ddiv
 .text          0x20000cb0      0x144 c:/isis/application/toolchain/bin/../lib/gcc/arm-none-eabi/4.7.4\libgcc.a(_arm_cmpdf2.o)
                0x20000cb0                __gtdf2
                0x20000cb0                __gedf2
                0x20000cb8                __ltdf2
                0x20000cb8                __ledf2
                0x20000cc0                __nedf2
                0x20000cc0                __eqdf2
                0x20000cc0                __cmpdf2
                0x20000d48                __aeabi_cdrcmple
                0x20000d64                __aeabi_cdcmpeq
                0x20000d64                __aeabi_cdcmple
                0x20000d7c                __aeabi_dcmpeq
                0x20000d94                __aeabi_dcmplt
                0x20000dac                __aeabi_dcmple
                0x20000dc4                __aeabi_dcmpge
                0x20000ddc                __aeabi_dcmpgt
 .text          0x20000df4       0x5c c:/isis/application/toolchain/bin/../lib/gcc/arm-none-eabi/4.7.4\libgcc.a(_arm_fixdfsi.o)
                0x20000df4                __aeabi_d2iz
                0x20000df4                __fixdfsi
 .text          0x20000e50       0x54 c:/isis/application/toolchain/bin/../lib/gcc/arm-none-eabi/4.7.4\libgcc.a(_arm_fixunsdfsi.o)
                0x20000e50                __aeabi_d2uiz
                0x20000e50                __fixunsdfsi
 .text          0x20000ea4       0xa0 c:/isis/application/toolchain/bin/../lib/gcc/arm-none-eabi/4.7.4\libgcc.a(_arm_truncdfsf2.o)
                0x20000ea4                __truncdfsf2
                0x20000ea4                __aeabi_d2f
 .text          0x20000f44      0x2ac c:/isis/application/toolchain/bin/../lib/gcc/arm-none-eabi/4.7.4\libgcc.a(_arm_addsubsf3.o)
                0x20000f44                __aeabi_frsub
                0x20000f4c                __subsf3
                0x20000f4c                __aeabi_fsub
                0x20000f50                __aeabi_fadd
                0x20000f50                __addsf3
                0x2000110c                __aeabi_ui2f
                0x2000110c                __floatunsisf
                0x20001114                __aeabi_i2f
                0x20001114                __floatsisf
                0x20001134                __aeabi_ul2f
                0x20001134                __floatundisf
                0x20001144                __aeabi_l2f
                0x20001144                __floatdisf
 .text          0x200011f0      0x2f8 c:/isis/application/toolchain/bin/../lib/gcc/arm-none-eabi/4.7.4\libgcc.a(_arm_muldivsf3.o)
                0x200011f0                __mulsf3
                0x200011f0                __aeabi_fmul
                0x20001388                __aeabi_fdiv
                0x20001388                __divsf3
 *(.text*)
 .text.__cvt    0x200014e8      0x138 c:/isis/application/toolchain/bin/../lib/gcc/arm-none-eabi/4.7.4/../../../../arm-none-eabi/lib\libc_s.a(lib_a-vfprintf_float.o)
                0x200014e8                __cvt
 .text.__exponent
                0x20001620       0xa8 c:/isis/application/toolchain/bin/../lib/gcc/arm-none-eabi/4.7.4/../../../../arm-none-eabi/lib\libc_s.a(lib_a-vfprintf_float.o)
                0x20001620                __exponent
 .text._printf_float
                0x200016c8      0x7dc c:/isis/application/toolchain/bin/../lib/gcc/arm-none-eabi/4.7.4/../../../../arm-none-eabi/lib\libc_s.a(lib_a-vfprintf_float.o)
                0x200016c8                _printf_float
 .text._printf_common
                0x20001ea4      0x174 c:/isis/application/toolchain/bin/../lib/gcc/arm-none-eabi/4.7.4/../../../../arm-none-eabi/lib\libc_s.a(lib_a-vfprintf_i.o)
                0x20001ea4                _printf_common
 .text._printf_i
                0x20002018      0x3c4 c:/isis/application/toolchain/bin/../lib/gcc/arm-none-eabi/4.7.4/../../../../arm-none-eabi/lib\libc_s.a(lib_a-vfprintf_i.o)
                0x20002018                _printf_i
 .text._scanf_float
                0x200023dc      0x5f4 c:/isis/application/toolchain/bin/../lib/gcc/arm-none-eabi/4.7.4/../../../../arm-none-eabi/lib\libc_s.a(lib_a-vfscanf_float.o)
                0x200023dc                _scanf_float
 .text.quorem   0x200029d0      0x1ac c:/isis/application/toolchain/bin/../lib/gcc/arm-none-eabi/4.7.4/../../../../arm-none-eabi/lib\libc_s.a(lib_a-dtoa.o)
 .text._dtoa_r  0x20002b7c     0x1268 c:/isis/application/toolchain/bin/../lib/gcc/arm-none-eabi/4.7.4/../../../../arm-none-eabi/lib\libc_s.a(lib_a-dtoa.o)
                0x20002b7c                _dtoa_r
 .text._localeconv_r
                0x20003de4        0xc c:/isis/application/toolchain/bin/../lib/gcc/arm-none-eabi/4.7.4/../../../../arm-none-eabi/lib\libc_s.a(lib_a-locale.o)
                0x20003de4                _localeconv_r
 .text.malloc   0x20003df0       0x20 c:/isis/application/toolchain/bin/../lib/gcc/arm-none-eabi/4.7.4/../../../../arm-none-eabi/lib\libc_s.a(lib_a-malloc.o)
                0x20003df0                malloc
 .text.free     0x20003e10       0x20 c:/isis/application/toolchain/bin/../lib/gcc/arm-none-eabi/4.7.4/../../../../arm-none-eabi/lib\libc_s.a(lib_a-malloc.o)
                0x20003e10                free
 .text._malloc_r
                0x20003e30       0xfc c:/isis/application/toolchain/bin/../lib/gcc/arm-none-eabi/4.7.4/../../../../arm-none-eabi/lib\libc_s.a(lib_a-mallocr.o)
                0x20003e30                _malloc_r
 .text.memcpy   0x20003f2c       0x20 c:/isis/application/toolchain/bin/../lib/gcc/arm-none-eabi/4.7.4/../../../../arm-none-eabi/lib\libc_s.a(lib_a-memcpy.o)
                0x20003f2c                memcpy
 .text._Balloc  0x20003f4c       0xcc c:/isis/application/toolchain/bin/../lib/gcc/arm-none-eabi/4.7.4/../../../../arm-none-eabi/lib\libc_s.a(lib_a-mprec.o)
                0x20003f4c                _Balloc
 .text._Bfree   0x20004018       0x5c c:/isis/application/toolchain/bin/../lib/gcc/arm-none-eabi/4.7.4/../../../../arm-none-eabi/lib\libc_s.a(lib_a-mprec.o)
                0x20004018                _Bfree
 .text.__multadd
                0x20004074       0xbc c:/isis/application/toolchain/bin/../lib/gcc/arm-none-eabi/4.7.4/../../../../arm-none-eabi/lib\libc_s.a(lib_a-mprec.o)
                0x20004074                __multadd
 .text.__s2b    0x20004130       0xd8 c:/isis/application/toolchain/bin/../lib/gcc/arm-none-eabi/4.7.4/../../../../arm-none-eabi/lib\libc_s.a(lib_a-mprec.o)
                0x20004130                __s2b
 .text.__hi0bits
                0x20004208       0x58 c:/isis/application/toolchain/bin/../lib/gcc/arm-none-eabi/4.7.4/../../../../arm-none-eabi/lib\libc_s.a(lib_a-mprec.o)
                0x20004208                __hi0bits
 .text.__lo0bits
                0x20004260       0x94 c:/isis/application/toolchain/bin/../lib/gcc/arm-none-eabi/4.7.4/../../../../arm-none-eabi/lib\libc_s.a(lib_a-mprec.o)
                0x20004260                __lo0bits
 .text.__i2b    0x200042f4       0x24 c:/isis/application/toolchain/bin/../lib/gcc/arm-none-eabi/4.7.4/../../../../arm-none-eabi/lib\libc_s.a(lib_a-mprec.o)
                0x200042f4                __i2b
 .text.__multiply
                0x20004318      0x1ac c:/isis/application/toolchain/bin/../lib/gcc/arm-none-eabi/4.7.4/../../../../arm-none-eabi/lib\libc_s.a(lib_a-mprec.o)
                0x20004318                __multiply
 .text.__pow5mult
                0x200044c4      0x10c c:/isis/application/toolchain/bin/../lib/gcc/arm-none-eabi/4.7.4/../../../../arm-none-eabi/lib\libc_s.a(lib_a-mprec.o)
                0x200044c4                __pow5mult
 .text.__lshift
                0x200045d0       0xf0 c:/isis/application/toolchain/bin/../lib/gcc/arm-none-eabi/4.7.4/../../../../arm-none-eabi/lib\libc_s.a(lib_a-mprec.o)
                0x200045d0                __lshift
 .text.__mcmp   0x200046c0       0x60 c:/isis/application/toolchain/bin/../lib/gcc/arm-none-eabi/4.7.4/../../../../arm-none-eabi/lib\libc_s.a(lib_a-mprec.o)
                0x200046c0                __mcmp
 .text.__mdiff  0x20004720      0x128 c:/isis/application/toolchain/bin/../lib/gcc/arm-none-eabi/4.7.4/../../../../arm-none-eabi/lib\libc_s.a(lib_a-mprec.o)
                0x20004720                __mdiff
 .text.__ulp    0x20004848       0x5c c:/isis/application/toolchain/bin/../lib/gcc/arm-none-eabi/4.7.4/../../../../arm-none-eabi/lib\libc_s.a(lib_a-mprec.o)
                0x20004848                __ulp
 .text.__b2d    0x200048a4       0xc8 c:/isis/application/toolchain/bin/../lib/gcc/arm-none-eabi/4.7.4/../../../../arm-none-eabi/lib\libc_s.a(lib_a-mprec.o)
                0x200048a4                __b2d
 .text.__d2b    0x2000496c       0xfc c:/isis/application/toolchain/bin/../lib/gcc/arm-none-eabi/4.7.4/../../../../arm-none-eabi/lib\libc_s.a(lib_a-mprec.o)
                0x2000496c                __d2b
 .text.__ratio  0x20004a68       0x70 c:/isis/application/toolchain/bin/../lib/gcc/arm-none-eabi/4.7.4/../../../../arm-none-eabi/lib\libc_s.a(lib_a-mprec.o)
                0x20004a68                __ratio
 .text.__copybits
                0x20004ad8       0x4c c:/isis/application/toolchain/bin/../lib/gcc/arm-none-eabi/4.7.4/../../../../arm-none-eabi/lib\libc_s.a(lib_a-mprec.o)
                0x20004ad8                __copybits
 .text.__any_on
                0x20004b24       0x7c c:/isis/application/toolchain/bin/../lib/gcc/arm-none-eabi/4.7.4/../../../../arm-none-eabi/lib\libc_s.a(lib_a-mprec.o)
                0x20004b24                __any_on
 .text.__fpclassifyd
                0x20004ba0       0x6c c:/isis/application/toolchain/bin/../lib/gcc/arm-none-eabi/4.7.4/../../../../arm-none-eabi/lib\libc_s.a(lib_a-s_fpclassify.o)
                0x20004ba0                __fpclassifyd
 .text._sbrk_r  0x20004c0c       0x3c c:/isis/application/toolchain/bin/../lib/gcc/arm-none-eabi/4.7.4/../../../../arm-none-eabi/lib\libc_s.a(lib_a-sbrkr.o)
                0x20004c0c                _sbrk_r
 .text.nanf     0x20004c48        0xc c:/isis/application/toolchain/bin/../lib/gcc/arm-none-eabi/4.7.4/../../../../arm-none-eabi/lib\libc_s.a(lib_a-sf_nan.o)
                0x20004c48                nanf
 .text.sprintf  0x20004c54       0x6c c:/isis/application/toolchain/bin/../lib/gcc/arm-none-eabi/4.7.4/../../../../arm-none-eabi/lib\libc_s.a(lib_a-sprintf.o)
                0x20004c54                siprintf
                0x20004c54                sprintf
 .text.strlen   0x20004cc0       0x1c c:/isis/application/toolchain/bin/../lib/gcc/arm-none-eabi/4.7.4/../../../../arm-none-eabi/lib\libc_s.a(lib_a-strlen.o)
                0x20004cc0                strlen
 .text.match    0x20004cdc       0x54 c:/isis/application/toolchain/bin/../lib/gcc/arm-none-eabi/4.7.4/../../../../arm-none-eabi/lib\libc_s.a(lib_a-strtod.o)
 .text._strtod_r
                0x20004d30     0x1168 c:/isis/application/toolchain/bin/../lib/gcc/arm-none-eabi/4.7.4/../../../../arm-none-eabi/lib\libc_s.a(lib_a-strtod.o)
                0x20004d30                _strtod_r
 .text._strtol_r
                0x20005e98      0x1b8 c:/isis/application/toolchain/bin/../lib/gcc/arm-none-eabi/4.7.4/../../../../arm-none-eabi/lib\libc_s.a(lib_a-strtol.o)
                0x20005e98                _strtol_r
 .text.__ssputc_r
                0x20006050      0x10c c:/isis/application/toolchain/bin/../lib/gcc/arm-none-eabi/4.7.4/../../../../arm-none-eabi/lib\libc_s.a(lib_a-svfprintf.o)
                0x20006050                __ssputc_r
 .text._svfprintf_r
                0x2000615c      0x328 c:/isis/application/toolchain/bin/../lib/gcc/arm-none-eabi/4.7.4/../../../../arm-none-eabi/lib\libc_s.a(lib_a-svfprintf.o)
                0x2000615c                _svfiprintf_r
                0x2000615c                _svfprintf_r
 .text._calloc_r
                0x20006484       0x2c c:/isis/application/toolchain/bin/../lib/gcc/arm-none-eabi/4.7.4/../../../../arm-none-eabi/lib\libc_s.a(lib_a-callocr.o)
                0x20006484                _calloc_r
 .text._free_r  0x200064b0      0x108 c:/isis/application/toolchain/bin/../lib/gcc/arm-none-eabi/4.7.4/../../../../arm-none-eabi/lib\libc_s.a(lib_a-freer.o)
                0x200064b0                _free_r
 .text.rshift   0x200065b8       0xb0 c:/isis/application/toolchain/bin/../lib/gcc/arm-none-eabi/4.7.4/../../../../arm-none-eabi/lib\libc_s.a(lib_a-gdtoa-gethex.o)
 .text.htinit.constprop.0
                0x20006668       0x34 c:/isis/application/toolchain/bin/../lib/gcc/arm-none-eabi/4.7.4/../../../../arm-none-eabi/lib\libc_s.a(lib_a-gdtoa-gethex.o)
 .text.__hexdig_init
                0x2000669c       0x38 c:/isis/application/toolchain/bin/../lib/gcc/arm-none-eabi/4.7.4/../../../../arm-none-eabi/lib\libc_s.a(lib_a-gdtoa-gethex.o)
                0x2000669c                __hexdig_init
 .text.__gethex
                0x200066d4      0x6cc c:/isis/application/toolchain/bin/../lib/gcc/arm-none-eabi/4.7.4/../../../../arm-none-eabi/lib\libc_s.a(lib_a-gdtoa-gethex.o)
                0x200066d4                __gethex
 .text.L_shift  0x20006da0       0x38 c:/isis/application/toolchain/bin/../lib/gcc/arm-none-eabi/4.7.4/../../../../arm-none-eabi/lib\libc_s.a(lib_a-gdtoa-hexnan.o)
 .text.__hexnan
                0x20006dd8      0x1d8 c:/isis/application/toolchain/bin/../lib/gcc/arm-none-eabi/4.7.4/../../../../arm-none-eabi/lib\libc_s.a(lib_a-gdtoa-hexnan.o)
                0x20006dd8                __hexnan
 .text.memchr   0x20006fb0       0x34 c:/isis/application/toolchain/bin/../lib/gcc/arm-none-eabi/4.7.4/../../../../arm-none-eabi/lib\libc_s.a(lib_a-memchr.o)
                0x20006fb0                memchr
 .text.memset   0x20006fe4       0x1c c:/isis/application/toolchain/bin/../lib/gcc/arm-none-eabi/4.7.4/../../../../arm-none-eabi/lib\libc_s.a(lib_a-memset.o)
                0x20006fe4                memset
 .text._realloc_r
                0x20007000       0x80 c:/isis/application/toolchain/bin/../lib/gcc/arm-none-eabi/4.7.4/../../../../arm-none-eabi/lib\libc_s.a(lib_a-reallocr.o)
                0x20007000                _realloc_r
 .text.strncmp  0x20007080       0x64 c:/isis/application/toolchain/bin/../lib/gcc/arm-none-eabi/4.7.4/../../../../arm-none-eabi/lib\libc_s.a(lib_a-strncmp.o)
                0x20007080                strncmp
 .text._malloc_usable_size_r
                0x200070e4       0x1c c:/isis/application/toolchain/bin/../lib/gcc/arm-none-eabi/4.7.4/../../../../arm-none-eabi/lib\libc_s.a(lib_a-msizer.o)
                0x200070e4                _malloc_usable_size_r
 .text.EPS_TelemetryHKbasic
                0x20007100      0x154 ./src/Demos/GomEPSdemo.o
 .text.EPS_TelemetryHKwdt
                0x20007254      0x108 ./src/Demos/GomEPSdemo.o
 .text.EPS_TelemetryHKout
                0x2000735c      0x320 ./src/Demos/GomEPSdemo.o
 .text.EPS_TelemetryHKvi
                0x2000767c      0x104 ./src/Demos/GomEPSdemo.o
 .text.EPS_TelemetryHKGeneral
                0x20007780      0x584 ./src/Demos/GomEPSdemo.o
 .text.EPS_TelemetryHKParam
                0x20007d04      0x310 ./src/Demos/GomEPSdemo.o
 .text.EPS_SetOutputOn
                0x20008014       0x80 ./src/Demos/GomEPSdemo.o
 .text.EPS_SetOutputOff
                0x20008094       0x80 ./src/Demos/GomEPSdemo.o
 .text.EPS_TelemetryHKGeneral_BatteryLoop
                0x20008114      0x18c ./src/Demos/GomEPSdemo.o
 .text.selectAndExecuteGomEPSDemoTest
                0x200082a0      0x188 ./src/Demos/GomEPSdemo.o
 .text.GomEPSdemoInit
                0x20008428       0x68 ./src/Demos/GomEPSdemo.o
                0x20008428                GomEPSdemoInit
 .text.GomEPSdemoLoop
                0x20008490       0x3c ./src/Demos/GomEPSdemo.o
                0x20008490                GomEPSdemoLoop
 .text.GomEPSdemoMain
                0x200084cc       0x30 ./src/Demos/GomEPSdemo.o
                0x200084cc                GomEPSdemoMain
 .text.GomEPStest
                0x200084fc       0x18 ./src/Demos/GomEPSdemo.o
                0x200084fc                GomEPStest
 .text.resetAntSTest
                0x20008514       0x9c ./src/Demos/IsisAntSdemo.o
 .text.printDeploymentStatus
                0x200085b0       0x60 ./src/Demos/IsisAntSdemo.o
 .text.getStatusAntSTest
                0x20008610      0x178 ./src/Demos/IsisAntSdemo.o
 .text.tempAntSTest
                0x20008788      0x1a4 ./src/Demos/IsisAntSdemo.o
 .text.uptimeAntSTest
                0x2000892c       0xa4 ./src/Demos/IsisAntSdemo.o
 .text.telemAntSTest
                0x200089d0      0x1cc ./src/Demos/IsisAntSdemo.o
 .text.setARMStatus
                0x20008b9c      0x158 ./src/Demos/IsisAntSdemo.o
 .text.autoDeploymentAntSTest
                0x20008cf4      0x140 ./src/Demos/IsisAntSdemo.o
 .text.manualDeploymentAntSTest
                0x20008e34      0x18c ./src/Demos/IsisAntSdemo.o
 .text.selectAndExecuteAntSDemoTest
                0x20008fc0      0x2c4 ./src/Demos/IsisAntSdemo.o
                0x20008fc0                selectAndExecuteAntSDemoTest
 .text.initmain
                0x20009284       0x7c ./src/Demos/IsisAntSdemo.o
 .text.Ants_mainDemo
                0x20009300       0x40 ./src/Demos/IsisAntSdemo.o
 .text.AntStest
                0x20009340       0x1c ./src/Demos/IsisAntSdemo.o
                0x20009340                AntStest
 .text._parse_resp
                0x2000935c      0x1ec ./src/Demos/IsisEPSdemo.o
 .text._get_channel_flagfield
                0x20009548       0xf0 ./src/Demos/IsisEPSdemo.o
 .text._get_channel_index
                0x20009638       0xdc ./src/Demos/IsisEPSdemo.o
 .text._get_cdb_board_selection
                0x20009714       0xe0 ./src/Demos/IsisEPSdemo.o
 .text._hardReset
                0x200097f4       0xc8 ./src/Demos/IsisEPSdemo.o
 .text._noOperation
                0x200098bc       0xbc ./src/Demos/IsisEPSdemo.o
 .text._cancelOperation
                0x20009978       0xbc ./src/Demos/IsisEPSdemo.o
 .text._resetWDT
                0x20009a34       0xd4 ./src/Demos/IsisEPSdemo.o
 .text._outputBusGroupOn
                0x20009b08      0x164 ./src/Demos/IsisEPSdemo.o
 .text._outputBusGroupOff
                0x20009c6c      0x164 ./src/Demos/IsisEPSdemo.o
 .text._outputBusGroupState
                0x20009dd0      0x17c ./src/Demos/IsisEPSdemo.o
 .text._outputBus3v3On
                0x20009f4c      0x128 ./src/Demos/IsisEPSdemo.o
 .text._outputBus3v3Off
                0x2000a074      0x128 ./src/Demos/IsisEPSdemo.o
 .text._outputBus5vOn
                0x2000a19c      0x128 ./src/Demos/IsisEPSdemo.o
 .text._outputBus5vOff
                0x2000a2c4      0x128 ./src/Demos/IsisEPSdemo.o
 .text._outputBusHvOn
                0x2000a3ec      0x11c ./src/Demos/IsisEPSdemo.o
 .text._outputBusHvOff
                0x2000a508      0x11c ./src/Demos/IsisEPSdemo.o
 .text._getSystemState
                0x2000a624      0x36c ./src/Demos/IsisEPSdemo.o
 .text._getRawHKDataMB
                0x2000a990      0x6a8 ./src/Demos/IsisEPSdemo.o
 .text._getEngHKDataMB
                0x2000b038      0x6c8 ./src/Demos/IsisEPSdemo.o
 .text._getRAEngHKDataMB
                0x2000b700      0x610 ./src/Demos/IsisEPSdemo.o
 .text._getRawHKDataCDB
                0x2000bd10      0x364 ./src/Demos/IsisEPSdemo.o
 .text._getEngHKDataCDB
                0x2000c074      0x378 ./src/Demos/IsisEPSdemo.o
 .text._getRAEngHKDataCDB
                0x2000c3ec      0x354 ./src/Demos/IsisEPSdemo.o
 .text.show_LOState
                0x2000c740      0x1a8 ./src/Demos/IsisEPSdemo.o
 .text._getLOState3V3
                0x2000c8e8      0x198 ./src/Demos/IsisEPSdemo.o
 .text._getLOState5V
                0x2000ca80      0x198 ./src/Demos/IsisEPSdemo.o
 .text._getLOStateBV
                0x2000cc18      0x198 ./src/Demos/IsisEPSdemo.o
 .text._getLOStateHV
                0x2000cdb0      0x198 ./src/Demos/IsisEPSdemo.o
 .text._getParameter
                0x2000cf48      0x140 ./src/Demos/IsisEPSdemo.o
 .text._setParameter
                0x2000d088      0x2b0 ./src/Demos/IsisEPSdemo.o
 .text._resetParameter
                0x2000d338      0x14c ./src/Demos/IsisEPSdemo.o
 .text._resetConfig
                0x2000d484       0xc8 ./src/Demos/IsisEPSdemo.o
 .text._loadConfig
                0x2000d54c       0xbc ./src/Demos/IsisEPSdemo.o
 .text._saveConfig
                0x2000d608      0x1bc ./src/Demos/IsisEPSdemo.o
 .text._selectAndExecuteDemoTest
                0x2000d7c4      0x65c ./src/Demos/IsisEPSdemo.o
 .text.IsisEPSdemoInit
                0x2000de20       0x68 ./src/Demos/IsisEPSdemo.o
                0x2000de20                IsisEPSdemoInit
 .text.IsisEPSdemoLoop
                0x2000de88       0x3c ./src/Demos/IsisEPSdemo.o
                0x2000de88                IsisEPSdemoLoop
 .text.IsisEPSdemoMain
                0x2000dec4       0x30 ./src/Demos/IsisEPSdemo.o
                0x2000dec4                IsisEPSdemoMain
 .text.IsisEPStest
                0x2000def4       0x18 ./src/Demos/IsisEPSdemo.o
                0x2000def4                IsisEPStest
 .text.SolarPanel_Temperature
                0x2000df0c      0x260 ./src/Demos/IsisSPdemo.o
 .text.selectAndExecuteSolarPanelsDemoTest
                0x2000e16c       0xa8 ./src/Demos/IsisSPdemo.o
 .text.SolarPaneltest
                0x2000e214       0x44 ./src/Demos/IsisSPdemo.o
                0x2000e214                SolarPaneltest
 .text.SolarPanelv2_Temperature
                0x2000e258       0xfc ./src/Demos/IsisSPv2demo.o
                0x2000e258                SolarPanelv2_Temperature
 .text.selectAndExecuteSolarPanelsv2DemoTest
                0x2000e354       0xa8 ./src/Demos/IsisSPv2demo.o
                0x2000e354                selectAndExecuteSolarPanelsv2DemoTest
 .text.SolarPanelsv2_mainDemo
                0x2000e3fc       0x3c ./src/Demos/IsisSPv2demo.o
                0x2000e3fc                SolarPanelsv2_mainDemo
 .text.SolarPanelv2test
                0x2000e438       0x74 ./src/Demos/IsisSPv2demo.o
                0x2000e438                SolarPanelv2test
 .text.resetUVTest
                0x2000e4ac       0x28 ./src/Demos/IsisTRXUVdemo.o
 .text.itc_sendDefClSignTest
                0x2000e4d4       0xf4 ./src/Demos/IsisTRXUVdemo.o
 .text.itc_sendMsgCWTest
                0x2000e5c8       0xf4 ./src/Demos/IsisTRXUVdemo.o
 .text.itc_toggleIdleStateTest
                0x2000e6bc       0x74 ./src/Demos/IsisTRXUVdemo.o
 .text.itc_setTxBitrate9600Test
                0x2000e730       0x2c ./src/Demos/IsisTRXUVdemo.o
 .text.itc_setTxBitrate1200Test
                0x2000e75c       0x2c ./src/Demos/IsisTRXUVdemo.o
 .text.imc_getFrameCountTest
                0x2000e788       0x80 ./src/Demos/IsisTRXUVdemo.o
 .text.imc_getFrameCmdTest
                0x2000e808      0x178 ./src/Demos/IsisTRXUVdemo.o
 .text.imc_getFrameCmdAndTxTest
                0x2000e980      0x1ec ./src/Demos/IsisTRXUVdemo.o
 .text.imc_getAllTelemTest
                0x2000eb6c      0x724 ./src/Demos/IsisTRXUVdemo.o
 .text.selectAndExecuteTRXUVDemoTest
                0x2000f290      0x1a8 ./src/Demos/IsisTRXUVdemo.o
 .text.initmain
                0x2000f438       0x70 ./src/Demos/IsisTRXUVdemo.o
 .text.TRXUV_mainDemo
                0x2000f4a8       0x3c ./src/Demos/IsisTRXUVdemo.o
 .text.TRXUVtest
                0x2000f4e4       0x38 ./src/Demos/IsisTRXUVdemo.o
                0x2000f4e4                TRXUVtest
 .text.softResetVUTest
                0x2000f51c       0x58 ./src/Demos/IsisTRXVUdemo.o
 .text.hardResetVUTest
                0x2000f574       0x58 ./src/Demos/IsisTRXVUdemo.o
 .text.vutc_sendDefClSignTest
                0x2000f5cc       0xf4 ./src/Demos/IsisTRXVUdemo.o
 .text.vutc_toggleIdleStateTest
                0x2000f6c0       0x74 ./src/Demos/IsisTRXVUdemo.o
 .text.vutc_setTxBitrate9600Test
                0x2000f734       0x2c ./src/Demos/IsisTRXVUdemo.o
 .text.vutc_setTxBitrate1200Test
                0x2000f760       0x2c ./src/Demos/IsisTRXVUdemo.o
 .text.vurc_getFrameCountTest
                0x2000f78c       0x80 ./src/Demos/IsisTRXVUdemo.o
 .text.vurc_getFrameCmdTest
                0x2000f80c      0x2a0 ./src/Demos/IsisTRXVUdemo.o
 .text.vurc_getFrameCmdAndTxTest
                0x2000faac      0x2e0 ./src/Demos/IsisTRXVUdemo.o
 .text.vurc_getRxTelemTest_revC
                0x2000fd8c      0x3c8 ./src/Demos/IsisTRXVUdemo.o
 .text.vurc_getRxTelemTest_revD
                0x20010154      0x518 ./src/Demos/IsisTRXVUdemo.o
 .text.vutc_getTxTelemTest_revC
                0x2001066c      0x390 ./src/Demos/IsisTRXVUdemo.o
 .text.vutc_getTxTelemTest_revD
                0x200109fc      0x4e0 ./src/Demos/IsisTRXVUdemo.o
 .text.selectAndExecuteTRXVUDemoTest
                0x20010edc      0x1fc ./src/Demos/IsisTRXVUdemo.o
 .text.IsisTRXVUdemoInit
                0x200110d8       0x98 ./src/Demos/IsisTRXVUdemo.o
                0x200110d8                IsisTRXVUdemoInit
 .text.IsisTRXVUdemoLoop
                0x20011170       0x3c ./src/Demos/IsisTRXVUdemo.o
                0x20011170                IsisTRXVUdemoLoop
 .text.IsisTRXVUdemoMain
                0x200111ac       0x30 ./src/Demos/IsisTRXVUdemo.o
                0x200111ac                IsisTRXVUdemoMain
 .text.TRXVUtest
                0x200111dc       0x18 ./src/Demos/IsisTRXVUdemo.o
                0x200111dc                TRXVUtest
 .text.softResetTxsTest
                0x200111f4       0x34 ./src/Demos/IsisTxSdemo.o
 .text.halfMaxBitrateTxsTest
                0x20011228       0x38 ./src/Demos/IsisTxSdemo.o
 .text.MaxBitrateTxsTest
                0x20011260       0x38 ./src/Demos/IsisTxSdemo.o
 .text.level4_5dBTxsTest
                0x20011298       0x38 ./src/Demos/IsisTxSdemo.o
 .text.level13_5dBTxsTest
                0x200112d0       0x38 ./src/Demos/IsisTxSdemo.o
 .text.toggleTxsStateTest
                0x20011308       0x74 ./src/Demos/IsisTxSdemo.o
 .text.addDefaultCallsignFrames
                0x2001137c      0x108 ./src/Demos/IsisTxSdemo.o
 .text.getAllTelemTxSTest
                0x20011484      0x574 ./src/Demos/IsisTxSdemo.o
 .text.selectAndExecuteTxSDemoTest
                0x200119f8      0x170 ./src/Demos/IsisTxSdemo.o
 .text.IsisTxSdemoInit
                0x20011b68       0x78 ./src/Demos/IsisTxSdemo.o
                0x20011b68                IsisTxSdemoInit
 .text.IsisTxSdemoLoop
                0x20011be0       0x3c ./src/Demos/IsisTxSdemo.o
                0x20011be0                IsisTxSdemoLoop
 .text.IsisTxSdemoMain
                0x20011c1c       0x30 ./src/Demos/IsisTxSdemo.o
                0x20011c1c                IsisTxSdemoMain
 .text.TxStest  0x20011c4c       0x18 ./src/Demos/IsisTxSdemo.o
                0x20011c4c                TxStest
 .text.Gecko_GetRegister
                0x20011c64       0x8c ./src/Demos/ScsGeckoDemo.o
                0x20011c64                Gecko_GetRegister
 .text.Gecko_SetRegister
                0x20011cf0       0xec ./src/Demos/ScsGeckoDemo.o
                0x20011cf0                Gecko_SetRegister
 .text.Gecko_DisplayVersion
                0x20011ddc       0x6c ./src/Demos/ScsGeckoDemo.o
                0x20011ddc                Gecko_DisplayVersion
 .text.Gecko_DisplayUptime
                0x20011e48       0x34 ./src/Demos/ScsGeckoDemo.o
                0x20011e48                Gecko_DisplayUptime
 .text.Gecko_TakeImage
                0x20011e7c       0x60 ./src/Demos/ScsGeckoDemo.o
                0x20011e7c                Gecko_TakeImage
 .text.Gecko_ReadImage
                0x20011edc       0xf8 ./src/Demos/ScsGeckoDemo.o
                0x20011edc                Gecko_ReadImage
 .text.Gecko_EraseImage
                0x20011fd4       0x44 ./src/Demos/ScsGeckoDemo.o
                0x20011fd4                Gecko_EraseImage
 .text.Gecko_PrintAllRegisters
                0x20012018       0xc8 ./src/Demos/ScsGeckoDemo.o
                0x20012018                Gecko_PrintAllRegisters
 .text.Gecko_PrintTelemetry
                0x200120e0      0x3dc ./src/Demos/ScsGeckoDemo.o
                0x200120e0                Gecko_PrintTelemetry
 .text.selectAndExecuteGeckoDemoTest
                0x200124bc      0x18c ./src/Demos/ScsGeckoDemo.o
                0x200124bc                selectAndExecuteGeckoDemoTest
 .text._InitFileSystem
                0x20012648       0xd4 ./src/Demos/ScsGeckoDemo.o
                0x20012648                _InitFileSystem
 .text._DeinitFileSystem
                0x2001271c       0x20 ./src/Demos/ScsGeckoDemo.o
                0x2001271c                _DeinitFileSystem
 .text.ScsGeckoDemoInit
                0x2001273c       0x80 ./src/Demos/ScsGeckoDemo.o
                0x2001273c                ScsGeckoDemoInit
 .text.ScsGeckoDemoLoop
                0x200127bc       0x3c ./src/Demos/ScsGeckoDemo.o
                0x200127bc                ScsGeckoDemoLoop
 .text.ScsGeckoDemoMain
                0x200127f8       0x34 ./src/Demos/ScsGeckoDemo.o
                0x200127f8                ScsGeckoDemoMain
 .text.GeckoTest
                0x2001282c       0x18 ./src/Demos/ScsGeckoDemo.o
                0x2001282c                GeckoTest
 .text.ing_interact
                0x20012844      0x450 ./src/Demos/common.o
                0x20012844                ing_interact
 .text.ing_parse
                0x20012c94      0x8f4 ./src/Demos/common.o
                0x20012c94                ing_parse
 .text.ing      0x20013588       0xa4 ./src/Demos/common.o
                0x20013588                ing
 .text.config_param_info
                0x2001362c      0xb00 ./src/Demos/common.o
                0x2001362c                config_param_info
 .text.print_error
                0x2001412c       0x34 ./src/Demos/common.o
                0x2001412c                print_error
 .text.selectAndExecuteTest
                0x20014160      0x248 ./src/main.o
                0x20014160                selectAndExecuteTest
 .text.taskMain
                0x200143a8       0x5c ./src/main.o
                0x200143a8                taskMain
 .text.main     0x20014404      0x1a8 ./src/main.o
                0x20014404                main
 .text.GomEpsInitialize
                0x200145ac      0x148 C:/ISIS/workspace/satellite-subsystems/demo/..//satellite-subsystems/lib\libSatelliteSubsystemsD.a(GomEPS.o)
                0x200145ac                GomEpsInitialize
 .text.makeEPStransfer
                0x200146f4       0x3c C:/ISIS/workspace/satellite-subsystems/demo/..//satellite-subsystems/lib\libSatelliteSubsystemsD.a(GomEPS.o)
 .text.GomEpsGetHkData_param
                0x20014730      0x29c C:/ISIS/workspace/satellite-subsystems/demo/..//satellite-subsystems/lib\libSatelliteSubsystemsD.a(GomEPS.o)
                0x20014730                GomEpsGetHkData_param
 .text.GomEpsGetHkData_general
                0x200149cc      0x45c C:/ISIS/workspace/satellite-subsystems/demo/..//satellite-subsystems/lib\libSatelliteSubsystemsD.a(GomEPS.o)
                0x200149cc                GomEpsGetHkData_general
 .text.GomEpsGetHkData_vi
                0x20014e28      0x188 C:/ISIS/workspace/satellite-subsystems/demo/..//satellite-subsystems/lib\libSatelliteSubsystemsD.a(GomEPS.o)
                0x20014e28                GomEpsGetHkData_vi
 .text.GomEpsGetHkData_out
                0x20014fb0      0x21c C:/ISIS/workspace/satellite-subsystems/demo/..//satellite-subsystems/lib\libSatelliteSubsystemsD.a(GomEPS.o)
                0x20014fb0                GomEpsGetHkData_out
 .text.GomEpsGetHkData_wdt
                0x200151cc      0x2b4 C:/ISIS/workspace/satellite-subsystems/demo/..//satellite-subsystems/lib\libSatelliteSubsystemsD.a(GomEPS.o)
                0x200151cc                GomEpsGetHkData_wdt
 .text.GomEpsGetHkData_basic
                0x20015480      0x22c C:/ISIS/workspace/satellite-subsystems/demo/..//satellite-subsystems/lib\libSatelliteSubsystemsD.a(GomEPS.o)
                0x20015480                GomEpsGetHkData_basic
 .text.GomEpsSetSingleOutput
                0x200156ac       0xe4 C:/ISIS/workspace/satellite-subsystems/demo/..//satellite-subsystems/lib\libSatelliteSubsystemsD.a(GomEPS.o)
                0x200156ac                GomEpsSetSingleOutput
 .text.makeAntStransfer
                0x20015790       0x4c C:/ISIS/workspace/satellite-subsystems/demo/..//satellite-subsystems/lib\libSatelliteSubsystemsD.a(IsisAntS.o)
 .text.checkInputsValid
                0x200157dc       0x7c C:/ISIS/workspace/satellite-subsystems/demo/..//satellite-subsystems/lib\libSatelliteSubsystemsD.a(IsisAntS.o)
 .text.IsisAntS_initialize
                0x20015858      0x26c C:/ISIS/workspace/satellite-subsystems/demo/..//satellite-subsystems/lib\libSatelliteSubsystemsD.a(IsisAntS.o)
                0x20015858                IsisAntS_initialize
 .text.IsisAntS_setArmStatus
                0x20015ac4      0x104 C:/ISIS/workspace/satellite-subsystems/demo/..//satellite-subsystems/lib\libSatelliteSubsystemsD.a(IsisAntS.o)
                0x20015ac4                IsisAntS_setArmStatus
 .text.IsisAntS_attemptDeployment
                0x20015bc8      0x168 C:/ISIS/workspace/satellite-subsystems/demo/..//satellite-subsystems/lib\libSatelliteSubsystemsD.a(IsisAntS.o)
                0x20015bc8                IsisAntS_attemptDeployment
 .text.IsisAntS_getStatusData
                0x20015d30      0x120 C:/ISIS/workspace/satellite-subsystems/demo/..//satellite-subsystems/lib\libSatelliteSubsystemsD.a(IsisAntS.o)
                0x20015d30                IsisAntS_getStatusData
 .text.IsisAntS_getTemperature
                0x20015e50      0x120 C:/ISIS/workspace/satellite-subsystems/demo/..//satellite-subsystems/lib\libSatelliteSubsystemsD.a(IsisAntS.o)
                0x20015e50                IsisAntS_getTemperature
 .text.IsisAntS_getUptime
                0x20015f70      0x120 C:/ISIS/workspace/satellite-subsystems/demo/..//satellite-subsystems/lib\libSatelliteSubsystemsD.a(IsisAntS.o)
                0x20015f70                IsisAntS_getUptime
 .text.IsisAntS_getAlltelemetry
                0x20016090      0x120 C:/ISIS/workspace/satellite-subsystems/demo/..//satellite-subsystems/lib\libSatelliteSubsystemsD.a(IsisAntS.o)
                0x20016090                IsisAntS_getAlltelemetry
 .text.IsisAntS_reset
                0x200161b0      0x104 C:/ISIS/workspace/satellite-subsystems/demo/..//satellite-subsystems/lib\libSatelliteSubsystemsD.a(IsisAntS.o)
                0x200161b0                IsisAntS_reset
 .text.IsisAntS_autoDeployment
                0x200162b4      0x114 C:/ISIS/workspace/satellite-subsystems/demo/..//satellite-subsystems/lib\libSatelliteSubsystemsD.a(IsisAntS.o)
                0x200162b4                IsisAntS_autoDeployment
 .text._make_IsisEPStransfer
                0x200163c8       0x3c C:/ISIS/workspace/satellite-subsystems/demo/..//satellite-subsystems/lib\libSatelliteSubsystemsD.a(IsisEPS.o)
 .text.IsisEPS_initialize
                0x20016404      0x18c C:/ISIS/workspace/satellite-subsystems/demo/..//satellite-subsystems/lib\libSatelliteSubsystemsD.a(IsisEPS.o)
                0x20016404                IsisEPS_initialize
 .text.IsisEPS_hardReset
                0x20016590       0xc8 C:/ISIS/workspace/satellite-subsystems/demo/..//satellite-subsystems/lib\libSatelliteSubsystemsD.a(IsisEPS.o)
                0x20016590                IsisEPS_hardReset
 .text.IsisEPS_noOperation
                0x20016658       0xac C:/ISIS/workspace/satellite-subsystems/demo/..//satellite-subsystems/lib\libSatelliteSubsystemsD.a(IsisEPS.o)
                0x20016658                IsisEPS_noOperation
 .text.IsisEPS_cancelOperation
                0x20016704       0xac C:/ISIS/workspace/satellite-subsystems/demo/..//satellite-subsystems/lib\libSatelliteSubsystemsD.a(IsisEPS.o)
                0x20016704                IsisEPS_cancelOperation
 .text.IsisEPS_resetWDT
                0x200167b0       0xac C:/ISIS/workspace/satellite-subsystems/demo/..//satellite-subsystems/lib\libSatelliteSubsystemsD.a(IsisEPS.o)
                0x200167b0                IsisEPS_resetWDT
 .text.IsisEPS_outputBusGroupOn
                0x2001685c       0xc4 C:/ISIS/workspace/satellite-subsystems/demo/..//satellite-subsystems/lib\libSatelliteSubsystemsD.a(IsisEPS.o)
                0x2001685c                IsisEPS_outputBusGroupOn
 .text.IsisEPS_outputBusGroupOff
                0x20016920       0xc4 C:/ISIS/workspace/satellite-subsystems/demo/..//satellite-subsystems/lib\libSatelliteSubsystemsD.a(IsisEPS.o)
                0x20016920                IsisEPS_outputBusGroupOff
 .text.IsisEPS_outputBusGroupState
                0x200169e4       0xc4 C:/ISIS/workspace/satellite-subsystems/demo/..//satellite-subsystems/lib\libSatelliteSubsystemsD.a(IsisEPS.o)
                0x200169e4                IsisEPS_outputBusGroupState
 .text.IsisEPS_outputBus3v3On
                0x20016aa8       0xbc C:/ISIS/workspace/satellite-subsystems/demo/..//satellite-subsystems/lib\libSatelliteSubsystemsD.a(IsisEPS.o)
                0x20016aa8                IsisEPS_outputBus3v3On
 .text.IsisEPS_outputBus3v3Off
                0x20016b64       0xbc C:/ISIS/workspace/satellite-subsystems/demo/..//satellite-subsystems/lib\libSatelliteSubsystemsD.a(IsisEPS.o)
                0x20016b64                IsisEPS_outputBus3v3Off
 .text.IsisEPS_outputBus5vOn
                0x20016c20       0xbc C:/ISIS/workspace/satellite-subsystems/demo/..//satellite-subsystems/lib\libSatelliteSubsystemsD.a(IsisEPS.o)
                0x20016c20                IsisEPS_outputBus5vOn
 .text.IsisEPS_outputBus5vOff
                0x20016cdc       0xbc C:/ISIS/workspace/satellite-subsystems/demo/..//satellite-subsystems/lib\libSatelliteSubsystemsD.a(IsisEPS.o)
                0x20016cdc                IsisEPS_outputBus5vOff
 .text.IsisEPS_outputBusHvOn
                0x20016d98       0xbc C:/ISIS/workspace/satellite-subsystems/demo/..//satellite-subsystems/lib\libSatelliteSubsystemsD.a(IsisEPS.o)
                0x20016d98                IsisEPS_outputBusHvOn
 .text.IsisEPS_outputBusHvOff
                0x20016e54       0xbc C:/ISIS/workspace/satellite-subsystems/demo/..//satellite-subsystems/lib\libSatelliteSubsystemsD.a(IsisEPS.o)
                0x20016e54                IsisEPS_outputBusHvOff
 .text.IsisEPS_getSystemState
                0x20016f10      0x138 C:/ISIS/workspace/satellite-subsystems/demo/..//satellite-subsystems/lib\libSatelliteSubsystemsD.a(IsisEPS.o)
                0x20016f10                IsisEPS_getSystemState
 .text.IsisEPS_getRawHKDataMB
                0x20017048       0xf8 C:/ISIS/workspace/satellite-subsystems/demo/..//satellite-subsystems/lib\libSatelliteSubsystemsD.a(IsisEPS.o)
                0x20017048                IsisEPS_getRawHKDataMB
 .text.IsisEPS_getEngHKDataMB
                0x20017140       0xf8 C:/ISIS/workspace/satellite-subsystems/demo/..//satellite-subsystems/lib\libSatelliteSubsystemsD.a(IsisEPS.o)
                0x20017140                IsisEPS_getEngHKDataMB
 .text.IsisEPS_getRAEngHKDataMB
                0x20017238       0xf8 C:/ISIS/workspace/satellite-subsystems/demo/..//satellite-subsystems/lib\libSatelliteSubsystemsD.a(IsisEPS.o)
                0x20017238                IsisEPS_getRAEngHKDataMB
 .text.IsisEPS_getRawHKDataCDB
                0x20017330      0x154 C:/ISIS/workspace/satellite-subsystems/demo/..//satellite-subsystems/lib\libSatelliteSubsystemsD.a(IsisEPS.o)
                0x20017330                IsisEPS_getRawHKDataCDB
 .text.IsisEPS_getEngHKDataCDB
                0x20017484      0x154 C:/ISIS/workspace/satellite-subsystems/demo/..//satellite-subsystems/lib\libSatelliteSubsystemsD.a(IsisEPS.o)
                0x20017484                IsisEPS_getEngHKDataCDB
 .text.IsisEPS_getRAEngHKDataCDB
                0x200175d8      0x154 C:/ISIS/workspace/satellite-subsystems/demo/..//satellite-subsystems/lib\libSatelliteSubsystemsD.a(IsisEPS.o)
                0x200175d8                IsisEPS_getRAEngHKDataCDB
 .text.IsisEPS_getLOState3V3
                0x2001772c      0x12c C:/ISIS/workspace/satellite-subsystems/demo/..//satellite-subsystems/lib\libSatelliteSubsystemsD.a(IsisEPS.o)
                0x2001772c                IsisEPS_getLOState3V3
 .text.IsisEPS_getLOState5V
                0x20017858      0x12c C:/ISIS/workspace/satellite-subsystems/demo/..//satellite-subsystems/lib\libSatelliteSubsystemsD.a(IsisEPS.o)
                0x20017858                IsisEPS_getLOState5V
 .text.IsisEPS_getLOStateBV
                0x20017984      0x12c C:/ISIS/workspace/satellite-subsystems/demo/..//satellite-subsystems/lib\libSatelliteSubsystemsD.a(IsisEPS.o)
                0x20017984                IsisEPS_getLOStateBV
 .text.IsisEPS_getLOStateHV
                0x20017ab0      0x12c C:/ISIS/workspace/satellite-subsystems/demo/..//satellite-subsystems/lib\libSatelliteSubsystemsD.a(IsisEPS.o)
                0x20017ab0                IsisEPS_getLOStateHV
 .text.IsisEPS_getParSize
                0x20017bdc      0x124 C:/ISIS/workspace/satellite-subsystems/demo/..//satellite-subsystems/lib\libSatelliteSubsystemsD.a(IsisEPS.o)
                0x20017bdc                IsisEPS_getParSize
 .text.IsisEPS_getParameter
                0x20017d00      0x238 C:/ISIS/workspace/satellite-subsystems/demo/..//satellite-subsystems/lib\libSatelliteSubsystemsD.a(IsisEPS.o)
                0x20017d00                IsisEPS_getParameter
 .text.IsisEPS_setParameter
                0x20017f38      0x264 C:/ISIS/workspace/satellite-subsystems/demo/..//satellite-subsystems/lib\libSatelliteSubsystemsD.a(IsisEPS.o)
                0x20017f38                IsisEPS_setParameter
 .text.IsisEPS_resetParameter
                0x2001819c      0x238 C:/ISIS/workspace/satellite-subsystems/demo/..//satellite-subsystems/lib\libSatelliteSubsystemsD.a(IsisEPS.o)
                0x2001819c                IsisEPS_resetParameter
 .text.IsisEPS_resetConfig
                0x200183d4       0xf4 C:/ISIS/workspace/satellite-subsystems/demo/..//satellite-subsystems/lib\libSatelliteSubsystemsD.a(IsisEPS.o)
                0x200183d4                IsisEPS_resetConfig
 .text.IsisEPS_loadConfig
                0x200184c8       0xf4 C:/ISIS/workspace/satellite-subsystems/demo/..//satellite-subsystems/lib\libSatelliteSubsystemsD.a(IsisEPS.o)
                0x200184c8                IsisEPS_loadConfig
 .text.IsisEPS_saveConfig
                0x200185bc      0x118 C:/ISIS/workspace/satellite-subsystems/demo/..//satellite-subsystems/lib\libSatelliteSubsystemsD.a(IsisEPS.o)
                0x200185bc                IsisEPS_saveConfig
 .text.IsisSolarPanel_getTemperature
                0x200186d4       0xbc C:/ISIS/workspace/satellite-subsystems/demo/..//satellite-subsystems/lib\libSatelliteSubsystemsD.a(IsisSolarPanel.o)
                0x200186d4                IsisSolarPanel_getTemperature
 .text.IsisSolarPanelv2_initialize
                0x20018790       0xb4 C:/ISIS/workspace/satellite-subsystems/demo/..//satellite-subsystems/lib\libSatelliteSubsystemsD.a(IsisSolarPanelv2.o)
                0x20018790                IsisSolarPanelv2_initialize
 .text.IsisSolarPanelv2_getTemperature
                0x20018844       0xc8 C:/ISIS/workspace/satellite-subsystems/demo/..//satellite-subsystems/lib\libSatelliteSubsystemsD.a(IsisSolarPanelv2.o)
                0x20018844                IsisSolarPanelv2_getTemperature
 .text.IsisSolarPanelv2_sleep
                0x2001890c       0xbc C:/ISIS/workspace/satellite-subsystems/demo/..//satellite-subsystems/lib\libSatelliteSubsystemsD.a(IsisSolarPanelv2.o)
                0x2001890c                IsisSolarPanelv2_sleep
 .text.IsisSolarPanelv2_wakeup
                0x200189c8       0x80 C:/ISIS/workspace/satellite-subsystems/demo/..//satellite-subsystems/lib\libSatelliteSubsystemsD.a(IsisSolarPanelv2.o)
                0x200189c8                IsisSolarPanelv2_wakeup
 .text._Reset   0x20018a48       0x20 C:/ISIS/workspace/satellite-subsystems/demo/..//satellite-subsystems/lib\libSatelliteSubsystemsD.a(IsisSolarPanelv2.o)
 .text._WaitForStartup
                0x20018a68       0x90 C:/ISIS/workspace/satellite-subsystems/demo/..//satellite-subsystems/lib\libSatelliteSubsystemsD.a(IsisSolarPanelv2.o)
 .text._AssignAllChannels
                0x20018af8       0x90 C:/ISIS/workspace/satellite-subsystems/demo/..//satellite-subsystems/lib\libSatelliteSubsystemsD.a(IsisSolarPanelv2.o)
 .text._AssignThisChannel
                0x20018b88       0xe8 C:/ISIS/workspace/satellite-subsystems/demo/..//satellite-subsystems/lib\libSatelliteSubsystemsD.a(IsisSolarPanelv2.o)
 .text._InitiateConversion
                0x20018c70       0xac C:/ISIS/workspace/satellite-subsystems/demo/..//satellite-subsystems/lib\libSatelliteSubsystemsD.a(IsisSolarPanelv2.o)
 .text._WaitForConversionComplete
                0x20018d1c      0x100 C:/ISIS/workspace/satellite-subsystems/demo/..//satellite-subsystems/lib\libSatelliteSubsystemsD.a(IsisSolarPanelv2.o)
 .text._ReadResult
                0x20018e1c      0x158 C:/ISIS/workspace/satellite-subsystems/demo/..//satellite-subsystems/lib\libSatelliteSubsystemsD.a(IsisSolarPanelv2.o)
 .text._ExtractByte
                0x20018f74       0x38 C:/ISIS/workspace/satellite-subsystems/demo/..//satellite-subsystems/lib\libSatelliteSubsystemsD.a(IsisSolarPanelv2.o)
 .text._ExtendSign
                0x20018fac       0x6c C:/ISIS/workspace/satellite-subsystems/demo/..//satellite-subsystems/lib\libSatelliteSubsystemsD.a(IsisSolarPanelv2.o)
 .text._PinsInit
                0x20019018       0x50 C:/ISIS/workspace/satellite-subsystems/demo/..//satellite-subsystems/lib\libSatelliteSubsystemsD.a(IsisSolarPanelv2.o)
 .text._SpiWriteRead
                0x20019068       0x70 C:/ISIS/workspace/satellite-subsystems/demo/..//satellite-subsystems/lib\libSatelliteSubsystemsD.a(IsisSolarPanelv2.o)
 .text.IsisTrxuv_initialize
                0x200190d8      0x32c C:/ISIS/workspace/satellite-subsystems/demo/..//satellite-subsystems/lib\libSatelliteSubsystemsD.a(IsisTRXUV.o)
                0x200190d8                IsisTrxuv_initialize
 .text.makeTRXUVtransfer
                0x20019404       0x44 C:/ISIS/workspace/satellite-subsystems/demo/..//satellite-subsystems/lib\libSatelliteSubsystemsD.a(IsisTRXUV.o)
 .text.IsisTrxuv_componentReset
                0x20019448       0x6c C:/ISIS/workspace/satellite-subsystems/demo/..//satellite-subsystems/lib\libSatelliteSubsystemsD.a(IsisTRXUV.o)
                0x20019448                IsisTrxuv_componentReset
 .text.IsisTrxuv_reset
                0x200194b4       0x74 C:/ISIS/workspace/satellite-subsystems/demo/..//satellite-subsystems/lib\libSatelliteSubsystemsD.a(IsisTRXUV.o)
                0x200194b4                IsisTrxuv_reset
 .text.IsisTrxuv_itcSendAX25DefClSign
                0x20019528       0xec C:/ISIS/workspace/satellite-subsystems/demo/..//satellite-subsystems/lib\libSatelliteSubsystemsD.a(IsisTRXUV.o)
                0x20019528                IsisTrxuv_itcSendAX25DefClSign
 .text.IsisTrxuv_itcSendCwMessage
                0x20019614      0x190 C:/ISIS/workspace/satellite-subsystems/demo/..//satellite-subsystems/lib\libSatelliteSubsystemsD.a(IsisTRXUV.o)
                0x20019614                IsisTrxuv_itcSendCwMessage
 .text.IsisTrxuv_itcSetIdlestate
                0x200197a4       0xa4 C:/ISIS/workspace/satellite-subsystems/demo/..//satellite-subsystems/lib\libSatelliteSubsystemsD.a(IsisTRXUV.o)
                0x200197a4                IsisTrxuv_itcSetIdlestate
 .text.IsisTrxuv_itcSetAx25Bitrate
                0x20019848       0xa4 C:/ISIS/workspace/satellite-subsystems/demo/..//satellite-subsystems/lib\libSatelliteSubsystemsD.a(IsisTRXUV.o)
                0x20019848                IsisTrxuv_itcSetAx25Bitrate
 .text.IsisTrxuv_imcGetFrameCount
                0x200198ec       0xa0 C:/ISIS/workspace/satellite-subsystems/demo/..//satellite-subsystems/lib\libSatelliteSubsystemsD.a(IsisTRXUV.o)
                0x200198ec                IsisTrxuv_imcGetFrameCount
 .text.IsisTrxuv_imcGetCommandFrame
                0x2001998c      0x29c C:/ISIS/workspace/satellite-subsystems/demo/..//satellite-subsystems/lib\libSatelliteSubsystemsD.a(IsisTRXUV.o)
                0x2001998c                IsisTrxuv_imcGetCommandFrame
 .text.IsisTrxuv_imcGetTelemetryAll
                0x20019c28       0xf8 C:/ISIS/workspace/satellite-subsystems/demo/..//satellite-subsystems/lib\libSatelliteSubsystemsD.a(IsisTRXUV.o)
                0x20019c28                IsisTrxuv_imcGetTelemetryAll
 .text.IsisTrxvu_initialize
                0x20019d20      0x2f4 C:/ISIS/workspace/satellite-subsystems/demo/..//satellite-subsystems/lib\libSatelliteSubsystemsD.a(IsisTRXVU.o)
                0x20019d20                IsisTrxvu_initialize
 .text.makeTRXVUtransfer
                0x2001a014       0x44 C:/ISIS/workspace/satellite-subsystems/demo/..//satellite-subsystems/lib\libSatelliteSubsystemsD.a(IsisTRXVU.o)
 .text.IsisTrxvu_componentSoftReset
                0x2001a058       0x6c C:/ISIS/workspace/satellite-subsystems/demo/..//satellite-subsystems/lib\libSatelliteSubsystemsD.a(IsisTRXVU.o)
                0x2001a058                IsisTrxvu_componentSoftReset
 .text.IsisTrxvu_componentHardReset
                0x2001a0c4       0xc8 C:/ISIS/workspace/satellite-subsystems/demo/..//satellite-subsystems/lib\libSatelliteSubsystemsD.a(IsisTRXVU.o)
                0x2001a0c4                IsisTrxvu_componentHardReset
 .text.IsisTrxvu_tcSendAX25DefClSign
                0x2001a18c       0xec C:/ISIS/workspace/satellite-subsystems/demo/..//satellite-subsystems/lib\libSatelliteSubsystemsD.a(IsisTRXVU.o)
                0x2001a18c                IsisTrxvu_tcSendAX25DefClSign
 .text.IsisTrxvu_tcSetIdlestate
                0x2001a278       0xa4 C:/ISIS/workspace/satellite-subsystems/demo/..//satellite-subsystems/lib\libSatelliteSubsystemsD.a(IsisTRXVU.o)
                0x2001a278                IsisTrxvu_tcSetIdlestate
 .text.IsisTrxvu_tcSetAx25Bitrate
                0x2001a31c       0xc4 C:/ISIS/workspace/satellite-subsystems/demo/..//satellite-subsystems/lib\libSatelliteSubsystemsD.a(IsisTRXVU.o)
                0x2001a31c                IsisTrxvu_tcSetAx25Bitrate
 .text.IsisTrxvu_tcGetTelemetryAll
                0x2001a3e0       0xd0 C:/ISIS/workspace/satellite-subsystems/demo/..//satellite-subsystems/lib\libSatelliteSubsystemsD.a(IsisTRXVU.o)
                0x2001a3e0                IsisTrxvu_tcGetTelemetryAll
 .text.IsisTrxvu_tcGetTelemetryAll_revC
                0x2001a4b0       0xd0 C:/ISIS/workspace/satellite-subsystems/demo/..//satellite-subsystems/lib\libSatelliteSubsystemsD.a(IsisTRXVU.o)
                0x2001a4b0                IsisTrxvu_tcGetTelemetryAll_revC
 .text.IsisTrxvu_rcGetFrameCount
                0x2001a580       0xa0 C:/ISIS/workspace/satellite-subsystems/demo/..//satellite-subsystems/lib\libSatelliteSubsystemsD.a(IsisTRXVU.o)
                0x2001a580                IsisTrxvu_rcGetFrameCount
 .text.IsisTrxvu_rcGetCommandFrame
                0x2001a620      0x2e0 C:/ISIS/workspace/satellite-subsystems/demo/..//satellite-subsystems/lib\libSatelliteSubsystemsD.a(IsisTRXVU.o)
                0x2001a620                IsisTrxvu_rcGetCommandFrame
 .text.IsisTrxvu_rcGetTelemetryAll
                0x2001a900      0x104 C:/ISIS/workspace/satellite-subsystems/demo/..//satellite-subsystems/lib\libSatelliteSubsystemsD.a(IsisTRXVU.o)
                0x2001a900                IsisTrxvu_rcGetTelemetryAll
 .text.IsisTrxvu_rcGetTelemetryAll_revC
                0x2001aa04       0xec C:/ISIS/workspace/satellite-subsystems/demo/..//satellite-subsystems/lib\libSatelliteSubsystemsD.a(IsisTRXVU.o)
                0x2001aa04                IsisTrxvu_rcGetTelemetryAll_revC
 .text.IsisTxsInitialize
                0x2001aaf0      0x15c C:/ISIS/workspace/satellite-subsystems/demo/..//satellite-subsystems/lib\libSatelliteSubsystemsD.a(IsisTxS.o)
                0x2001aaf0                IsisTxsInitialize
 .text.makeTxStransfer
                0x2001ac4c       0x3c C:/ISIS/workspace/satellite-subsystems/demo/..//satellite-subsystems/lib\libSatelliteSubsystemsD.a(IsisTxS.o)
 .text.IsisTxsSetModulatorAttenuator
                0x2001ac88       0xd8 C:/ISIS/workspace/satellite-subsystems/demo/..//satellite-subsystems/lib\libSatelliteSubsystemsD.a(IsisTxS.o)
                0x2001ac88                IsisTxsSetModulatorAttenuator
 .text.IsisTxsSetAx25Bitrate
                0x2001ad60       0xe4 C:/ISIS/workspace/satellite-subsystems/demo/..//satellite-subsystems/lib\libSatelliteSubsystemsD.a(IsisTxS.o)
                0x2001ad60                IsisTxsSetAx25Bitrate
 .text.IsisTxsSetState
                0x2001ae44       0xd8 C:/ISIS/workspace/satellite-subsystems/demo/..//satellite-subsystems/lib\libSatelliteSubsystemsD.a(IsisTxS.o)
                0x2001ae44                IsisTxsSetState
 .text.IsisTxsReset
                0x2001af1c       0xb4 C:/ISIS/workspace/satellite-subsystems/demo/..//satellite-subsystems/lib\libSatelliteSubsystemsD.a(IsisTxS.o)
                0x2001af1c                IsisTxsReset
 .text.IsisTxsSendAX25DefClSign
                0x2001afd0      0x1a4 C:/ISIS/workspace/satellite-subsystems/demo/..//satellite-subsystems/lib\libSatelliteSubsystemsD.a(IsisTxS.o)
                0x2001afd0                IsisTxsSendAX25DefClSign
 .text.IsisTxsGetHousekeepingData
                0x2001b174       0xcc C:/ISIS/workspace/satellite-subsystems/demo/..//satellite-subsystems/lib\libSatelliteSubsystemsD.a(IsisTxS.o)
                0x2001b174                IsisTxsGetHousekeepingData
 .text.GECKO_Init
                0x2001b240       0x40 C:/ISIS/workspace/satellite-subsystems/demo/..//satellite-subsystems/lib\libSatelliteSubsystemsD.a(gecko_driver.o)
                0x2001b240                GECKO_Init
 .text.GECKO_SetReg
                0x2001b280      0x138 C:/ISIS/workspace/satellite-subsystems/demo/..//satellite-subsystems/lib\libSatelliteSubsystemsD.a(gecko_driver.o)
                0x2001b280                GECKO_SetReg
 .text.GECKO_GetReg
                0x2001b3b8      0x110 C:/ISIS/workspace/satellite-subsystems/demo/..//satellite-subsystems/lib\libSatelliteSubsystemsD.a(gecko_driver.o)
                0x2001b3b8                GECKO_GetReg
 .text.GECKO_GetImgData
                0x2001b4c8       0x5c C:/ISIS/workspace/satellite-subsystems/demo/..//satellite-subsystems/lib\libSatelliteSubsystemsD.a(gecko_driver.o)
                0x2001b4c8                GECKO_GetImgData
 .text.GECKO_GetVersionSwBuild
                0x2001b524       0x60 C:/ISIS/workspace/satellite-subsystems/demo/..//satellite-subsystems/lib\libSatelliteSubsystemsD.a(gecko_driver.o)
                0x2001b524                GECKO_GetVersionSwBuild
 .text.GECKO_GetVersionSwMinor
                0x2001b584       0x64 C:/ISIS/workspace/satellite-subsystems/demo/..//satellite-subsystems/lib\libSatelliteSubsystemsD.a(gecko_driver.o)
                0x2001b584                GECKO_GetVersionSwMinor
 .text.GECKO_GetVersionSwMajor
                0x2001b5e8       0x64 C:/ISIS/workspace/satellite-subsystems/demo/..//satellite-subsystems/lib\libSatelliteSubsystemsD.a(gecko_driver.o)
                0x2001b5e8                GECKO_GetVersionSwMajor
 .text.GECKO_GetVersionHW
                0x2001b64c       0x64 C:/ISIS/workspace/satellite-subsystems/demo/..//satellite-subsystems/lib\libSatelliteSubsystemsD.a(gecko_driver.o)
                0x2001b64c                GECKO_GetVersionHW
 .text.GECKO_StartReadout
                0x2001b6b0       0xb8 C:/ISIS/workspace/satellite-subsystems/demo/..//satellite-subsystems/lib\libSatelliteSubsystemsD.a(gecko_driver.o)
                0x2001b6b0                GECKO_StartReadout
 .text.GECKO_StartSample
                0x2001b768       0xb8 C:/ISIS/workspace/satellite-subsystems/demo/..//satellite-subsystems/lib\libSatelliteSubsystemsD.a(gecko_driver.o)
                0x2001b768                GECKO_StartSample
 .text.GECKO_StartErase
                0x2001b820       0xb8 C:/ISIS/workspace/satellite-subsystems/demo/..//satellite-subsystems/lib\libSatelliteSubsystemsD.a(gecko_driver.o)
                0x2001b820                GECKO_StartErase
 .text.GECKO_DisableTestPattern
                0x2001b8d8       0xb4 C:/ISIS/workspace/satellite-subsystems/demo/..//satellite-subsystems/lib\libSatelliteSubsystemsD.a(gecko_driver.o)
                0x2001b8d8                GECKO_DisableTestPattern
 .text.GECKO_GetFlashInitDone
                0x2001b98c       0x64 C:/ISIS/workspace/satellite-subsystems/demo/..//satellite-subsystems/lib\libSatelliteSubsystemsD.a(gecko_driver.o)
                0x2001b98c                GECKO_GetFlashInitDone
 .text.GECKO_GetReadReady
                0x2001b9f0       0x64 C:/ISIS/workspace/satellite-subsystems/demo/..//satellite-subsystems/lib\libSatelliteSubsystemsD.a(gecko_driver.o)
                0x2001b9f0                GECKO_GetReadReady
 .text.GECKO_GetReadDone
                0x2001ba54       0x64 C:/ISIS/workspace/satellite-subsystems/demo/..//satellite-subsystems/lib\libSatelliteSubsystemsD.a(gecko_driver.o)
                0x2001ba54                GECKO_GetReadDone
 .text.GECKO_GetSampleDone
                0x2001bab8       0x64 C:/ISIS/workspace/satellite-subsystems/demo/..//satellite-subsystems/lib\libSatelliteSubsystemsD.a(gecko_driver.o)
                0x2001bab8                GECKO_GetSampleDone
 .text.GECKO_GetEraseDone
                0x2001bb1c       0x64 C:/ISIS/workspace/satellite-subsystems/demo/..//satellite-subsystems/lib\libSatelliteSubsystemsD.a(gecko_driver.o)
                0x2001bb1c                GECKO_GetEraseDone
 .text.GECKO_ClearReadDone
                0x2001bb80       0xb4 C:/ISIS/workspace/satellite-subsystems/demo/..//satellite-subsystems/lib\libSatelliteSubsystemsD.a(gecko_driver.o)
                0x2001bb80                GECKO_ClearReadDone
 .text.GECKO_ClearSampleDone
                0x2001bc34       0xb4 C:/ISIS/workspace/satellite-subsystems/demo/..//satellite-subsystems/lib\libSatelliteSubsystemsD.a(gecko_driver.o)
                0x2001bc34                GECKO_ClearSampleDone
 .text.GECKO_ClearEraseDone
                0x2001bce8       0xb4 C:/ISIS/workspace/satellite-subsystems/demo/..//satellite-subsystems/lib\libSatelliteSubsystemsD.a(gecko_driver.o)
                0x2001bce8                GECKO_ClearEraseDone
 .text.GECKO_GetFlashCount
                0x2001bd9c       0x74 C:/ISIS/workspace/satellite-subsystems/demo/..//satellite-subsystems/lib\libSatelliteSubsystemsD.a(gecko_driver.o)
                0x2001bd9c                GECKO_GetFlashCount
 .text.GECKO_SetImageID
                0x2001be10       0xcc C:/ISIS/workspace/satellite-subsystems/demo/..//satellite-subsystems/lib\libSatelliteSubsystemsD.a(gecko_driver.o)
                0x2001be10                GECKO_SetImageID
 .text.GECKO_SetFrameAmount
                0x2001bedc       0xbc C:/ISIS/workspace/satellite-subsystems/demo/..//satellite-subsystems/lib\libSatelliteSubsystemsD.a(gecko_driver.o)
                0x2001bedc                GECKO_SetFrameAmount
 .text.GECKO_GetUpTime
                0x2001bf98       0x5c C:/ISIS/workspace/satellite-subsystems/demo/..//satellite-subsystems/lib\libSatelliteSubsystemsD.a(gecko_driver.o)
                0x2001bf98                GECKO_GetUpTime
 .text.GECKO_GetPageCount
                0x2001bff4       0x5c C:/ISIS/workspace/satellite-subsystems/demo/..//satellite-subsystems/lib\libSatelliteSubsystemsD.a(gecko_driver.o)
                0x2001bff4                GECKO_GetPageCount
 .text.GECKO_SensorOn
                0x2001c050       0xb8 C:/ISIS/workspace/satellite-subsystems/demo/..//satellite-subsystems/lib\libSatelliteSubsystemsD.a(gecko_driver.o)
                0x2001c050                GECKO_SensorOn
 .text.GECKO_SensorOff
                0x2001c108       0xb4 C:/ISIS/workspace/satellite-subsystems/demo/..//satellite-subsystems/lib\libSatelliteSubsystemsD.a(gecko_driver.o)
                0x2001c108                GECKO_SensorOff
 .text.GECKO_SetFrameRate
                0x2001c1bc       0xc4 C:/ISIS/workspace/satellite-subsystems/demo/..//satellite-subsystems/lib\libSatelliteSubsystemsD.a(gecko_driver.o)
                0x2001c1bc                GECKO_SetFrameRate
 .text.GECKO_GetOnDone
                0x2001c280       0x64 C:/ISIS/workspace/satellite-subsystems/demo/..//satellite-subsystems/lib\libSatelliteSubsystemsD.a(gecko_driver.o)
                0x2001c280                GECKO_GetOnDone
 .text.GECKO_GetTrainingDone
                0x2001c2e4       0x64 C:/ISIS/workspace/satellite-subsystems/demo/..//satellite-subsystems/lib\libSatelliteSubsystemsD.a(gecko_driver.o)
                0x2001c2e4                GECKO_GetTrainingDone
 .text.GECKO_GetTrainingError
                0x2001c348       0x64 C:/ISIS/workspace/satellite-subsystems/demo/..//satellite-subsystems/lib\libSatelliteSubsystemsD.a(gecko_driver.o)
                0x2001c348                GECKO_GetTrainingError
 .text.GECKO_SetAdcGain
                0x2001c3ac       0xc4 C:/ISIS/workspace/satellite-subsystems/demo/..//satellite-subsystems/lib\libSatelliteSubsystemsD.a(gecko_driver.o)
                0x2001c3ac                GECKO_SetAdcGain
 .text.GECKO_SetPgaGain
                0x2001c470       0xcc C:/ISIS/workspace/satellite-subsystems/demo/..//satellite-subsystems/lib\libSatelliteSubsystemsD.a(gecko_driver.o)
                0x2001c470                GECKO_SetPgaGain
 .text.GECKO_SetExposure
                0x2001c53c       0xc4 C:/ISIS/workspace/satellite-subsystems/demo/..//satellite-subsystems/lib\libSatelliteSubsystemsD.a(gecko_driver.o)
                0x2001c53c                GECKO_SetExposure
 .text.GECKO_GetVoltageInput5V
                0x2001c600       0xf4 C:/ISIS/workspace/satellite-subsystems/demo/..//satellite-subsystems/lib\libSatelliteSubsystemsD.a(gecko_driver.o)
                0x2001c600                GECKO_GetVoltageInput5V
 .text.GECKO_GetCurrentInput5V
                0x2001c6f4      0x130 C:/ISIS/workspace/satellite-subsystems/demo/..//satellite-subsystems/lib\libSatelliteSubsystemsD.a(gecko_driver.o)
                0x2001c6f4                GECKO_GetCurrentInput5V
 .text.GECKO_GetVoltageFPGA1V
                0x2001c824       0xd4 C:/ISIS/workspace/satellite-subsystems/demo/..//satellite-subsystems/lib\libSatelliteSubsystemsD.a(gecko_driver.o)
                0x2001c824                GECKO_GetVoltageFPGA1V
 .text.GECKO_GetCurrentFPGA1V
                0x2001c8f8      0x130 C:/ISIS/workspace/satellite-subsystems/demo/..//satellite-subsystems/lib\libSatelliteSubsystemsD.a(gecko_driver.o)
                0x2001c8f8                GECKO_GetCurrentFPGA1V
 .text.GECKO_GetVoltageFPGA1V8
                0x2001ca28       0xd4 C:/ISIS/workspace/satellite-subsystems/demo/..//satellite-subsystems/lib\libSatelliteSubsystemsD.a(gecko_driver.o)
                0x2001ca28                GECKO_GetVoltageFPGA1V8
 .text.GECKO_GetCurrentFPGA1V8
                0x2001cafc      0x130 C:/ISIS/workspace/satellite-subsystems/demo/..//satellite-subsystems/lib\libSatelliteSubsystemsD.a(gecko_driver.o)
                0x2001cafc                GECKO_GetCurrentFPGA1V8
 .text.GECKO_GetVoltageFPGA2V5
                0x2001cc2c       0xe8 C:/ISIS/workspace/satellite-subsystems/demo/..//satellite-subsystems/lib\libSatelliteSubsystemsD.a(gecko_driver.o)
                0x2001cc2c                GECKO_GetVoltageFPGA2V5
 .text.GECKO_GetCurrentFPGA2V5
                0x2001cd14      0x130 C:/ISIS/workspace/satellite-subsystems/demo/..//satellite-subsystems/lib\libSatelliteSubsystemsD.a(gecko_driver.o)
                0x2001cd14                GECKO_GetCurrentFPGA2V5
 .text.GECKO_GetVoltageFPGA3V3
                0x2001ce44       0xe8 C:/ISIS/workspace/satellite-subsystems/demo/..//satellite-subsystems/lib\libSatelliteSubsystemsD.a(gecko_driver.o)
                0x2001ce44                GECKO_GetVoltageFPGA3V3
 .text.GECKO_GetCurrentFPGA3V3
                0x2001cf2c      0x130 C:/ISIS/workspace/satellite-subsystems/demo/..//satellite-subsystems/lib\libSatelliteSubsystemsD.a(gecko_driver.o)
                0x2001cf2c                GECKO_GetCurrentFPGA3V3
 .text.GECKO_GetVoltageFlash1V8
                0x2001d05c       0xd4 C:/ISIS/workspace/satellite-subsystems/demo/..//satellite-subsystems/lib\libSatelliteSubsystemsD.a(gecko_driver.o)
                0x2001d05c                GECKO_GetVoltageFlash1V8
 .text.GECKO_GetCurrentFlash1V8
                0x2001d130      0x130 C:/ISIS/workspace/satellite-subsystems/demo/..//satellite-subsystems/lib\libSatelliteSubsystemsD.a(gecko_driver.o)
                0x2001d130                GECKO_GetCurrentFlash1V8
 .text.GECKO_GetVoltageFlash3V3
                0x2001d260       0xe8 C:/ISIS/workspace/satellite-subsystems/demo/..//satellite-subsystems/lib\libSatelliteSubsystemsD.a(gecko_driver.o)
                0x2001d260                GECKO_GetVoltageFlash3V3
 .text.GECKO_GetCurrentFlash3V3
                0x2001d348      0x130 C:/ISIS/workspace/satellite-subsystems/demo/..//satellite-subsystems/lib\libSatelliteSubsystemsD.a(gecko_driver.o)
                0x2001d348                GECKO_GetCurrentFlash3V3
 .text.GECKO_GetVoltageSNSR1V8
                0x2001d478       0xe8 C:/ISIS/workspace/satellite-subsystems/demo/..//satellite-subsystems/lib\libSatelliteSubsystemsD.a(gecko_driver.o)
                0x2001d478                GECKO_GetVoltageSNSR1V8
 .text.GECKO_GetCurrentSNSR1V8
                0x2001d560      0x130 C:/ISIS/workspace/satellite-subsystems/demo/..//satellite-subsystems/lib\libSatelliteSubsystemsD.a(gecko_driver.o)
                0x2001d560                GECKO_GetCurrentSNSR1V8
 .text.GECKO_GetVoltageSNSRVDDPIX
                0x2001d690       0xe8 C:/ISIS/workspace/satellite-subsystems/demo/..//satellite-subsystems/lib\libSatelliteSubsystemsD.a(gecko_driver.o)
                0x2001d690                GECKO_GetVoltageSNSRVDDPIX
 .text.GECKO_GetCurrentSNSRVDDPIX
                0x2001d778      0x130 C:/ISIS/workspace/satellite-subsystems/demo/..//satellite-subsystems/lib\libSatelliteSubsystemsD.a(gecko_driver.o)
                0x2001d778                GECKO_GetCurrentSNSRVDDPIX
 .text.GECKO_GetVoltageSNSR3V3
                0x2001d8a8       0xe8 C:/ISIS/workspace/satellite-subsystems/demo/..//satellite-subsystems/lib\libSatelliteSubsystemsD.a(gecko_driver.o)
                0x2001d8a8                GECKO_GetVoltageSNSR3V3
 .text.GECKO_GetCurrentSNSR3V3
                0x2001d990      0x130 C:/ISIS/workspace/satellite-subsystems/demo/..//satellite-subsystems/lib\libSatelliteSubsystemsD.a(gecko_driver.o)
                0x2001d990                GECKO_GetCurrentSNSR3V3
 .text.GECKO_GetVoltageFlashVTT09
                0x2001dac0       0xd4 C:/ISIS/workspace/satellite-subsystems/demo/..//satellite-subsystems/lib\libSatelliteSubsystemsD.a(gecko_driver.o)
                0x2001dac0                GECKO_GetVoltageFlashVTT09
 .text.GECKO_GetTempSMU3AB
                0x2001db94      0x35c C:/ISIS/workspace/satellite-subsystems/demo/..//satellite-subsystems/lib\libSatelliteSubsystemsD.a(gecko_driver.o)
                0x2001db94                GECKO_GetTempSMU3AB
 .text.GECKO_GetTempSMU3BC
                0x2001def0      0x360 C:/ISIS/workspace/satellite-subsystems/demo/..//satellite-subsystems/lib\libSatelliteSubsystemsD.a(gecko_driver.o)
                0x2001def0                GECKO_GetTempSMU3BC
 .text.GECKO_GetTempREGU6
                0x2001e250      0x35c C:/ISIS/workspace/satellite-subsystems/demo/..//satellite-subsystems/lib\libSatelliteSubsystemsD.a(gecko_driver.o)
                0x2001e250                GECKO_GetTempREGU6
 .text.GECKO_GetTempREGU8
                0x2001e5ac      0x360 C:/ISIS/workspace/satellite-subsystems/demo/..//satellite-subsystems/lib\libSatelliteSubsystemsD.a(gecko_driver.o)
                0x2001e5ac                GECKO_GetTempREGU8
 .text.GECKO_GetTempFlash
                0x2001e90c      0x360 C:/ISIS/workspace/satellite-subsystems/demo/..//satellite-subsystems/lib\libSatelliteSubsystemsD.a(gecko_driver.o)
                0x2001e90c                GECKO_GetTempFlash
 .text._SpiWriteRead
                0x2001ec6c       0x70 C:/ISIS/workspace/satellite-subsystems/demo/..//satellite-subsystems/lib\libSatelliteSubsystemsD.a(gecko_driver.o)
 .text.GECKO_UC_TakeImage
                0x2001ecdc      0x3a4 C:/ISIS/workspace/satellite-subsystems/demo/..//satellite-subsystems/lib\libSatelliteSubsystemsD.a(gecko_use_cases.o)
                0x2001ecdc                GECKO_UC_TakeImage
 .text.GECKO_UC_ReadImage
                0x2001f080      0x268 C:/ISIS/workspace/satellite-subsystems/demo/..//satellite-subsystems/lib\libSatelliteSubsystemsD.a(gecko_use_cases.o)
                0x2001f080                GECKO_UC_ReadImage
 .text.GECKO_UC_EraseBlock
                0x2001f2e8      0x100 C:/ISIS/workspace/satellite-subsystems/demo/..//satellite-subsystems/lib\libSatelliteSubsystemsD.a(gecko_use_cases.o)
                0x2001f2e8                GECKO_UC_EraseBlock
 .text.makeTRXCommonTransfer
                0x2001f3e8       0x34 C:/ISIS/workspace/satellite-subsystems/demo/..//satellite-subsystems/lib\libSatelliteSubsystemsD.a(IsisTRXCommon.o)
 .text.IsisTrxCommon_componentReset
                0x2001f41c       0x68 C:/ISIS/workspace/satellite-subsystems/demo/..//satellite-subsystems/lib\libSatelliteSubsystemsD.a(IsisTRXCommon.o)
                0x2001f41c                IsisTrxCommon_componentReset
 .text.IsisTrxCommon_TxSendAX25DefClSign
                0x2001f484       0xf4 C:/ISIS/workspace/satellite-subsystems/demo/..//satellite-subsystems/lib\libSatelliteSubsystemsD.a(IsisTRXCommon.o)
                0x2001f484                IsisTrxCommon_TxSendAX25DefClSign
 .text.IsisTrxCommon_TxSetIdlestate
                0x2001f578       0x78 C:/ISIS/workspace/satellite-subsystems/demo/..//satellite-subsystems/lib\libSatelliteSubsystemsD.a(IsisTRXCommon.o)
                0x2001f578                IsisTrxCommon_TxSetIdlestate
 .text.IsisTrxCommon_TxSetAx25Bitrate
                0x2001f5f0       0x78 C:/ISIS/workspace/satellite-subsystems/demo/..//satellite-subsystems/lib\libSatelliteSubsystemsD.a(IsisTRXCommon.o)
                0x2001f5f0                IsisTrxCommon_TxSetAx25Bitrate
 .text.IsisTrxCommon_RxGetFrameCount
                0x2001f668       0x8c C:/ISIS/workspace/satellite-subsystems/demo/..//satellite-subsystems/lib\libSatelliteSubsystemsD.a(IsisTRXCommon.o)
                0x2001f668                IsisTrxCommon_RxGetFrameCount
 .text.IsisTrxCommon_RxGetTelemetryAll
                0x2001f6f4       0x8c C:/ISIS/workspace/satellite-subsystems/demo/..//satellite-subsystems/lib\libSatelliteSubsystemsD.a(IsisTRXCommon.o)
                0x2001f6f4                IsisTrxCommon_RxGetTelemetryAll
 .text.IsisTrxCommon_RxGetTelemetryAll_revC
                0x2001f780       0x8c C:/ISIS/workspace/satellite-subsystems/demo/..//satellite-subsystems/lib\libSatelliteSubsystemsD.a(IsisTRXCommon.o)
                0x2001f780                IsisTrxCommon_RxGetTelemetryAll_revC
 *fill*         0x2001f80c        0x4 00
 .text.exp      0x2001f810      0x190 c:/isis/application/toolchain/bin/../lib/gcc/arm-none-eabi/4.7.4/../../../../arm-none-eabi/lib\libm.a(lib_a-w_exp.o)
                0x2001f810                exp
 .text.log      0x2001f9a0      0x17c c:/isis/application/toolchain/bin/../lib/gcc/arm-none-eabi/4.7.4/../../../../arm-none-eabi/lib\libm.a(lib_a-w_log.o)
                0x2001f9a0                log
 *fill*         0x2001fb1c        0x4 00
 .text.__ieee754_exp
                0x2001fb20      0x448 c:/isis/application/toolchain/bin/../lib/gcc/arm-none-eabi/4.7.4/../../../../arm-none-eabi/lib\libm.a(lib_a-e_exp.o)
                0x2001fb20                __ieee754_exp
 .text.__ieee754_log
                0x2001ff68      0x5c0 c:/isis/application/toolchain/bin/../lib/gcc/arm-none-eabi/4.7.4/../../../../arm-none-eabi/lib\libm.a(lib_a-e_log.o)
                0x2001ff68                __ieee754_log
 .text.finite   0x20020528       0x10 c:/isis/application/toolchain/bin/../lib/gcc/arm-none-eabi/4.7.4/../../../../arm-none-eabi/lib\libm.a(lib_a-s_finite.o)
                0x20020528                finite
 .text.matherr  0x20020538        0x8 c:/isis/application/toolchain/bin/../lib/gcc/arm-none-eabi/4.7.4/../../../../arm-none-eabi/lib\libm.a(lib_a-s_matherr.o)
                0x20020538                matherr
 .text.nan      0x20020540       0x10 c:/isis/application/toolchain/bin/../lib/gcc/arm-none-eabi/4.7.4/../../../../arm-none-eabi/lib\libm.a(lib_a-s_nan.o)
                0x20020540                nan
 .text.fn_init  0x20020550      0x2e0 C:/ISIS/workspace/satellite-subsystems/demo/../..//hal/hcc/lib\libHCCD.a(fat_common.o)
                0x20020550                fn_init
 .text.fsn_delete
                0x20020830       0xc8 C:/ISIS/workspace/satellite-subsystems/demo/../..//hal/hcc/lib\libHCCD.a(fat_common.o)
                0x20020830                fsn_delete
 .text._f_get16bitl
                0x200208f8       0x4c C:/ISIS/workspace/satellite-subsystems/demo/../..//hal/hcc/lib\libHCCD.a(fat_common.o)
                0x200208f8                _f_get16bitl
 .text._f_set16bitl
                0x20020944       0x54 C:/ISIS/workspace/satellite-subsystems/demo/../..//hal/hcc/lib\libHCCD.a(fat_common.o)
                0x20020944                _f_set16bitl
 .text._f_get32bitl
                0x20020998       0x68 C:/ISIS/workspace/satellite-subsystems/demo/../..//hal/hcc/lib\libHCCD.a(fat_common.o)
                0x20020998                _f_get32bitl
 .text._f_set32bitl
                0x20020a00       0x78 C:/ISIS/workspace/satellite-subsystems/demo/../..//hal/hcc/lib\libHCCD.a(fat_common.o)
                0x20020a00                _f_set32bitl
 .text._get8bit
                0x20020a78       0xa0 C:/ISIS/workspace/satellite-subsystems/demo/../..//hal/hcc/lib\libHCCD.a(fat_common.o)
 .text._get16bitl
                0x20020b18       0x40 C:/ISIS/workspace/satellite-subsystems/demo/../..//hal/hcc/lib\libHCCD.a(fat_common.o)
 .text._get32bitl
                0x20020b58       0x3c C:/ISIS/workspace/satellite-subsystems/demo/../..//hal/hcc/lib\libHCCD.a(fat_common.o)
 .text._f_setcardremoved
                0x20020b94       0x94 C:/ISIS/workspace/satellite-subsystems/demo/../..//hal/hcc/lib\libHCCD.a(fat_common.o)
 .text._f_checkstatus
                0x20020c28      0x104 C:/ISIS/workspace/satellite-subsystems/demo/../..//hal/hcc/lib\libHCCD.a(fat_common.o)
                0x20020c28                _f_checkstatus
 .text._f_drvgetphy
                0x20020d2c      0x114 C:/ISIS/workspace/satellite-subsystems/demo/../..//hal/hcc/lib\libHCCD.a(fat_common.o)
 .text._f_drvwritesector
                0x20020e40       0xdc C:/ISIS/workspace/satellite-subsystems/demo/../..//hal/hcc/lib\libHCCD.a(fat_common.o)
 .text._f_drvreadsector
                0x20020f1c       0xa8 C:/ISIS/workspace/satellite-subsystems/demo/../..//hal/hcc/lib\libHCCD.a(fat_common.o)
 .text._f_writesector
                0x20020fc4      0x23c C:/ISIS/workspace/satellite-subsystems/demo/../..//hal/hcc/lib\libHCCD.a(fat_common.o)
                0x20020fc4                _f_writesector
 .text._f_readsector
                0x20021200      0x1dc C:/ISIS/workspace/satellite-subsystems/demo/../..//hal/hcc/lib\libHCCD.a(fat_common.o)
                0x20021200                _f_readsector
 .text._f_getmaxcluster
                0x200213dc       0x94 C:/ISIS/workspace/satellite-subsystems/demo/../..//hal/hcc/lib\libHCCD.a(fat_common.o)
                0x200213dc                _f_getmaxcluster
 .text._getsectorfromcluster
                0x20021470       0x68 C:/ISIS/workspace/satellite-subsystems/demo/../..//hal/hcc/lib\libHCCD.a(fat_common.o)
 .text._f_buildsectors
                0x200214d8      0x268 C:/ISIS/workspace/satellite-subsystems/demo/../..//hal/hcc/lib\libHCCD.a(fat_common.o)
 .text._f_getbootrecord
                0x20021740      0x5e4 C:/ISIS/workspace/satellite-subsystems/demo/../..//hal/hcc/lib\libHCCD.a(fat_common.o)
 .text._f_readbootrecord
                0x20021d24      0x4f8 C:/ISIS/workspace/satellite-subsystems/demo/../..//hal/hcc/lib\libHCCD.a(fat_common.o)
 .text._f_flushcffiles
                0x2002221c      0x17c C:/ISIS/workspace/satellite-subsystems/demo/../..//hal/hcc/lib\libHCCD.a(fat_common.o)
                0x2002221c                _f_flushcffiles
 .text._f_fatcache_flush
                0x20022398      0x270 C:/ISIS/workspace/satellite-subsystems/demo/../..//hal/hcc/lib\libHCCD.a(fat_common.o)
                0x20022398                _f_fatcache_flush
 .text._f_writefatsector
                0x20022608      0x100 C:/ISIS/workspace/satellite-subsystems/demo/../..//hal/hcc/lib\libHCCD.a(fat_common.o)
                0x20022608                _f_writefatsector
 .text._f_getfatsector
                0x20022708      0x3bc C:/ISIS/workspace/satellite-subsystems/demo/../..//hal/hcc/lib\libHCCD.a(fat_common.o)
 .text._f_setclustervalue
                0x20022ac4      0x490 C:/ISIS/workspace/satellite-subsystems/demo/../..//hal/hcc/lib\libHCCD.a(fat_common.o)
                0x20022ac4                _f_setclustervalue
 .text._f_getclustervalue
                0x20022f54      0x388 C:/ISIS/workspace/satellite-subsystems/demo/../..//hal/hcc/lib\libHCCD.a(fat_common.o)
                0x20022f54                _f_getclustervalue
 .text._f_close_drive_files
                0x200232dc       0xac C:/ISIS/workspace/satellite-subsystems/demo/../..//hal/hcc/lib\libHCCD.a(fat_common.o)
 .text._f_inc_mount_count
                0x20023388       0xa4 C:/ISIS/workspace/satellite-subsystems/demo/../..//hal/hcc/lib\libHCCD.a(fat_common.o)
 .text._f_getvolume
                0x2002342c      0x2f8 C:/ISIS/workspace/satellite-subsystems/demo/../..//hal/hcc/lib\libHCCD.a(fat_common.o)
                0x2002342c                _f_getvolume
 .text.fn_createdriver
                0x20023724      0x118 C:/ISIS/workspace/satellite-subsystems/demo/../..//hal/hcc/lib\libHCCD.a(fat_common.o)
                0x20023724                fn_createdriver
 .text.fn_initvolume
                0x2002383c      0x12c C:/ISIS/workspace/satellite-subsystems/demo/../..//hal/hcc/lib\libHCCD.a(fat_common.o)
                0x2002383c                fn_initvolume
 .text.fn_releasedriver
                0x20023968       0xf4 C:/ISIS/workspace/satellite-subsystems/demo/../..//hal/hcc/lib\libHCCD.a(fat_common.o)
                0x20023968                fn_releasedriver
 .text.fn_initvolumepartition_sub
                0x20023a5c       0xe0 C:/ISIS/workspace/satellite-subsystems/demo/../..//hal/hcc/lib\libHCCD.a(fat_common.o)
 .text.fn_initvolumepartition
                0x20023b3c       0xac C:/ISIS/workspace/satellite-subsystems/demo/../..//hal/hcc/lib\libHCCD.a(fat_common.o)
                0x20023b3c                fn_initvolumepartition
 .text.fn_delvolume
                0x20023be8      0x194 C:/ISIS/workspace/satellite-subsystems/demo/../..//hal/hcc/lib\libHCCD.a(fat_common.o)
                0x20023be8                fn_delvolume
 .text._f_clustertopos
                0x20023d7c       0xf8 C:/ISIS/workspace/satellite-subsystems/demo/../..//hal/hcc/lib\libHCCD.a(fat_common.o)
                0x20023d7c                _f_clustertopos
 .text._f_getcurrsector
                0x20023e74      0x6c8 C:/ISIS/workspace/satellite-subsystems/demo/../..//hal/hcc/lib\libHCCD.a(fat_common.o)
                0x20023e74                _f_getcurrsector
 .text._f_getdecluster
                0x2002453c       0x90 C:/ISIS/workspace/satellite-subsystems/demo/../..//hal/hcc/lib\libHCCD.a(fat_common.o)
                0x2002453c                _f_getdecluster
 .text._f_setdecluster
                0x200245cc       0x8c C:/ISIS/workspace/satellite-subsystems/demo/../..//hal/hcc/lib\libHCCD.a(fat_common.o)
                0x200245cc                _f_setdecluster
 .text.fn_getdrive
                0x20024658       0x30 C:/ISIS/workspace/satellite-subsystems/demo/../..//hal/hcc/lib\libHCCD.a(fat_common.o)
                0x20024658                fn_getdrive
 .text._f_getcurrenttimedate
                0x20024688      0x138 C:/ISIS/workspace/satellite-subsystems/demo/../..//hal/hcc/lib\libHCCD.a(fat_common.o)
                0x20024688                _f_getcurrenttimedate
 .text._f_initentry
                0x200247c0       0xa0 C:/ISIS/workspace/satellite-subsystems/demo/../..//hal/hcc/lib\libHCCD.a(fat_common.o)
                0x200247c0                _f_initentry
 .text._f_alloccluster
                0x20024860      0x344 C:/ISIS/workspace/satellite-subsystems/demo/../..//hal/hcc/lib\libHCCD.a(fat_common.o)
                0x20024860                _f_alloccluster
 .text._f_dobadblock
                0x20024ba4      0x2cc C:/ISIS/workspace/satellite-subsystems/demo/../..//hal/hcc/lib\libHCCD.a(fat_common.o)
                0x20024ba4                _f_dobadblock
 .text._f_checklocked
                0x20024e70       0xe4 C:/ISIS/workspace/satellite-subsystems/demo/../..//hal/hcc/lib\libHCCD.a(fat_common.o)
                0x20024e70                _f_checklocked
 .text._f_checkappendlocked
                0x20024f54      0x110 C:/ISIS/workspace/satellite-subsystems/demo/../..//hal/hcc/lib\libHCCD.a(fat_common.o)
                0x20024f54                _f_checkappendlocked
 .text._f_setsyncafile
                0x20025064      0x114 C:/ISIS/workspace/satellite-subsystems/demo/../..//hal/hcc/lib\libHCCD.a(fat_common.o)
                0x20025064                _f_setsyncafile
 .text._f_syncfiles
                0x20025178      0x128 C:/ISIS/workspace/satellite-subsystems/demo/../..//hal/hcc/lib\libHCCD.a(fat_common.o)
                0x20025178                _f_syncfiles
 .text._f_syncfilescontent
                0x200252a0      0x15c C:/ISIS/workspace/satellite-subsystems/demo/../..//hal/hcc/lib\libHCCD.a(fat_common.o)
 .text._f_emptywritecache
                0x200253fc      0x4a4 C:/ISIS/workspace/satellite-subsystems/demo/../..//hal/hcc/lib\libHCCD.a(fat_common.o)
 .text._f_allocnextcluster
                0x200258a0      0x54c C:/ISIS/workspace/satellite-subsystems/demo/../..//hal/hcc/lib\libHCCD.a(fat_common.o)
 .text._f_emptywritebuffer
                0x20025dec      0x20c C:/ISIS/workspace/satellite-subsystems/demo/../..//hal/hcc/lib\libHCCD.a(fat_common.o)
 .text._f_writezeros
                0x20025ff8       0xf0 C:/ISIS/workspace/satellite-subsystems/demo/../..//hal/hcc/lib\libHCCD.a(fat_common.o)
                0x20025ff8                _f_writezeros
 .text._f_extend_file
                0x200260e8      0x570 C:/ISIS/workspace/satellite-subsystems/demo/../..//hal/hcc/lib\libHCCD.a(fat_common.o)
 .text._f_fseek
                0x20026658      0x9bc C:/ISIS/workspace/satellite-subsystems/demo/../..//hal/hcc/lib\libHCCD.a(fat_common.o)
                0x20026658                _f_fseek
 .text._f_removechain
                0x20027014      0x104 C:/ISIS/workspace/satellite-subsystems/demo/../..//hal/hcc/lib\libHCCD.a(fat_common.o)
                0x20027014                _f_removechain
 .text._f_updatefileentry
                0x20027118      0x1cc C:/ISIS/workspace/satellite-subsystems/demo/../..//hal/hcc/lib\libHCCD.a(fat_common.o)
 .text._f_checkreadlocked
                0x200272e4      0x1bc C:/ISIS/workspace/satellite-subsystems/demo/../..//hal/hcc/lib\libHCCD.a(fat_common.o)
                0x200272e4                _f_checkreadlocked
 .text._f_check_handle
                0x200274a0       0x98 C:/ISIS/workspace/satellite-subsystems/demo/../..//hal/hcc/lib\libHCCD.a(fat_common.o)
                0x200274a0                _f_check_handle
 .text._f_removesyncafile
                0x20027538      0x1ec C:/ISIS/workspace/satellite-subsystems/demo/../..//hal/hcc/lib\libHCCD.a(fat_common.o)
 .text.fn_close
                0x20027724      0x3f8 C:/ISIS/workspace/satellite-subsystems/demo/../..//hal/hcc/lib\libHCCD.a(fat_common.o)
                0x20027724                fn_close
 .text.fn_flush
                0x20027b1c      0x374 C:/ISIS/workspace/satellite-subsystems/demo/../..//hal/hcc/lib\libHCCD.a(fat_common.o)
                0x20027b1c                fn_flush
 .text._f_abortwrite
                0x20027e90      0x100 C:/ISIS/workspace/satellite-subsystems/demo/../..//hal/hcc/lib\libHCCD.a(fat_common.o)
 .text._f_checkwritecluster
                0x20027f90       0xe4 C:/ISIS/workspace/satellite-subsystems/demo/../..//hal/hcc/lib\libHCCD.a(fat_common.o)
 .text.fn_write
                0x20028074      0x8a8 C:/ISIS/workspace/satellite-subsystems/demo/../..//hal/hcc/lib\libHCCD.a(fat_common.o)
                0x20028074                fn_write
 .text.f_enterFS
                0x2002891c      0x1c0 C:/ISIS/workspace/satellite-subsystems/demo/../..//hal/hcc/lib\libHCCD.a(fat_common.o)
                0x2002891c                f_enterFS
 .text.f_releaseFS
                0x20028adc       0xb0 C:/ISIS/workspace/satellite-subsystems/demo/../..//hal/hcc/lib\libHCCD.a(fat_common.o)
                0x20028adc                f_releaseFS
 .text.fnGetTask
                0x20028b8c       0xfc C:/ISIS/workspace/satellite-subsystems/demo/../..//hal/hcc/lib\libHCCD.a(fat_common.o)
                0x20028b8c                fnGetTask
 .text._f_mutex_get
                0x20028c88       0x98 C:/ISIS/workspace/satellite-subsystems/demo/../..//hal/hcc/lib\libHCCD.a(fat_common.o)
                0x20028c88                _f_mutex_get
 .text._f_mutex_put
                0x20028d20       0x54 C:/ISIS/workspace/satellite-subsystems/demo/../..//hal/hcc/lib\libHCCD.a(fat_common.o)
                0x20028d20                _f_mutex_put
 .text._fn_initseekdivisor
                0x20028d74      0x158 C:/ISIS/workspace/satellite-subsystems/demo/../..//hal/hcc/lib\libHCCD.a(fat_common.o)
                0x20028d74                _fn_initseekdivisor
 .text._fn_updateseekpos
                0x20028ecc       0xc4 C:/ISIS/workspace/satellite-subsystems/demo/../..//hal/hcc/lib\libHCCD.a(fat_common.o)
 .text.fn_setlasterror
                0x20028f90       0x34 C:/ISIS/workspace/satellite-subsystems/demo/../..//hal/hcc/lib\libHCCD.a(fat_common.o)
                0x20028f90                fn_setlasterror
 .text.fn_setlasterror_noret
                0x20028fc4       0x2c C:/ISIS/workspace/satellite-subsystems/demo/../..//hal/hcc/lib\libHCCD.a(fat_common.o)
                0x20028fc4                fn_setlasterror_noret
 .text.fm_initvolume
                0x20028ff0       0x70 C:/ISIS/workspace/satellite-subsystems/demo/../..//hal/hcc/lib\libHCCD.a(fat_m.o)
                0x20028ff0                fm_initvolume
 .text.fm_delvolume
                0x20029060       0x60 C:/ISIS/workspace/satellite-subsystems/demo/../..//hal/hcc/lib\libHCCD.a(fat_m.o)
                0x20029060                fm_delvolume
 .text.fm_close
                0x200290c0       0x60 C:/ISIS/workspace/satellite-subsystems/demo/../..//hal/hcc/lib\libHCCD.a(fat_m.o)
                0x200290c0                fm_close
 .text.fm_flush
                0x20029120       0x60 C:/ISIS/workspace/satellite-subsystems/demo/../..//hal/hcc/lib\libHCCD.a(fat_m.o)
                0x20029120                fm_flush
 .text.fm_open  0x20029180       0x68 C:/ISIS/workspace/satellite-subsystems/demo/../..//hal/hcc/lib\libHCCD.a(fat_m.o)
                0x20029180                fm_open
 .text.fm_write
                0x200291e8       0x7c C:/ISIS/workspace/satellite-subsystems/demo/../..//hal/hcc/lib\libHCCD.a(fat_m.o)
                0x200291e8                fm_write
 .text.fm_getlasterror
                0x20029264       0x40 C:/ISIS/workspace/satellite-subsystems/demo/../..//hal/hcc/lib\libHCCD.a(fat_m.o)
                0x20029264                fm_getlasterror
 .text._s_checkzeroclusteratend
                0x200292a4       0xf8 C:/ISIS/workspace/satellite-subsystems/demo/../..//hal/hcc/lib\libHCCD.a(safefat.o)
 .text._s_clearclustercontent
                0x2002939c      0x108 C:/ISIS/workspace/satellite-subsystems/demo/../..//hal/hcc/lib\libHCCD.a(safefat.o)
 .text._s_clearclustercontentdir
                0x200294a4      0x19c C:/ISIS/workspace/satellite-subsystems/demo/../..//hal/hcc/lib\libHCCD.a(safefat.o)
 .text._s_writedirsector
                0x20029640       0xd0 C:/ISIS/workspace/satellite-subsystems/demo/../..//hal/hcc/lib\libHCCD.a(safefat.o)
 .text._s_getdirsector
                0x20029710      0x100 C:/ISIS/workspace/satellite-subsystems/demo/../..//hal/hcc/lib\libHCCD.a(safefat.o)
 .text._s_addentry
                0x20029810      0x394 C:/ISIS/workspace/satellite-subsystems/demo/../..//hal/hcc/lib\libHCCD.a(safefat.o)
 .text._s_findfile
                0x20029ba4      0x33c C:/ISIS/workspace/satellite-subsystems/demo/../..//hal/hcc/lib\libHCCD.a(safefat.o)
 .text._s_findsubdir
                0x20029ee0      0x248 C:/ISIS/workspace/satellite-subsystems/demo/../..//hal/hcc/lib\libHCCD.a(safefat.o)
 .text._s_createfile
                0x2002a128      0x190 C:/ISIS/workspace/satellite-subsystems/demo/../..//hal/hcc/lib\libHCCD.a(safefat.o)
 .text._s_findsaffile
                0x2002a2b8      0x1b8 C:/ISIS/workspace/satellite-subsystems/demo/../..//hal/hcc/lib\libHCCD.a(safefat.o)
 .text._s_open  0x2002a470       0xe4 C:/ISIS/workspace/satellite-subsystems/demo/../..//hal/hcc/lib\libHCCD.a(safefat.o)
 .text._s_open_saf
                0x2002a554       0xe8 C:/ISIS/workspace/satellite-subsystems/demo/../..//hal/hcc/lib\libHCCD.a(safefat.o)
 .text._s_flush
                0x2002a63c       0x84 C:/ISIS/workspace/satellite-subsystems/demo/../..//hal/hcc/lib\libHCCD.a(safefat.o)
 .text._s_allocnextcluster
                0x2002a6c0      0x13c C:/ISIS/workspace/satellite-subsystems/demo/../..//hal/hcc/lib\libHCCD.a(safefat.o)
 .text._s_getnextsector
                0x2002a7fc       0xdc C:/ISIS/workspace/satellite-subsystems/demo/../..//hal/hcc/lib\libHCCD.a(safefat.o)